◇ injected env (45) from .env // tip: ⌘ custom filepath { path: '/custom/path/.env' }
{"timestamp":"2026-08-09T07:28:51.115Z","level":"INFO","category":"general","message":"[ProviderMonitor]","event":"provider_monitor_initialized","provider":"animeheaven","at":"2026-08-09T07:28:51.114Z","methodsWrapped":["searchAnime","getAnimeDetails","getEpisodeList","resolveEpisode","resolvePlayer","extractStreams"]}
◇ injected env (0) from .env // tip: ⌘ override existing { override: true }
{"timestamp":"2026-08-09T07:29:04.047Z","level":"INFO","category":"general","message":"[ConsumetProvider] Available ANIME providers: Hianime, AnimePahe, AnimeKai, KickAssAnime, AnimeSaturn, AnimeUnity, AnimeSama"}
{"timestamp":"2026-08-09T07:29:04.048Z","level":"INFO","category":"general","message":"[ConsumetProvider] Registered: KickAssAnime"}
{"timestamp":"2026-08-09T07:29:04.049Z","level":"INFO","category":"general","message":"[ConsumetProvider] Registered: AnimeKai"}
{"timestamp":"2026-08-09T07:29:04.049Z","level":"INFO","category":"general","message":"[ConsumetProvider] Registered: AnimePahe"}
{"timestamp":"2026-08-09T07:29:04.049Z","level":"INFO","category":"general","message":"[ConsumetProvider] Registered: Hianime"}
{"timestamp":"2026-08-09T07:29:04.050Z","level":"INFO","category":"general","message":"[ConsumetProvider] Registered: AnimeSaturn"}
{"timestamp":"2026-08-09T07:29:04.051Z","level":"INFO","category":"general","message":"[ConsumetProvider] Registered: AnimeSama"}
{"timestamp":"2026-08-09T07:29:04.051Z","level":"INFO","category":"general","message":"[ConsumetProvider] Registered: AnimeUnity"}
{"timestamp":"2026-08-09T07:29:04.051Z","level":"INFO","category":"general","message":"[ConsumetProvider] Registry ready: KickAssAnime, AnimeKai, AnimePahe, Hianime, AnimeSaturn, AnimeSama, AnimeUnity"}
◇ injected env (0) from .env // tip: ◈ encrypted .env [www.dotenvx.com]
◇ injected env (0) from .env // tip: ⌁ auth for agents [www.vestauth.com]
{"timestamp":"2026-08-09T07:29:04.964Z","level":"INFO","category":"general","message":"[Consumet Microservice] Loaded META.Anilist"}
{"timestamp":"2026-08-09T07:29:04.965Z","level":"INFO","category":"general","message":"[Consumet Microservice] Using shared providerHttp layer for all HTTP traffic"}
{"timestamp":"2026-08-09T07:29:04.965Z","level":"INFO","category":"general","message":"[Consumet Microservice] Available ANIME providers: Hianime, AnimePahe, AnimeKai, KickAssAnime, AnimeSaturn, AnimeUnity, AnimeSama"}
{"timestamp":"2026-08-09T07:29:04.965Z","level":"INFO","category":"general","message":"[Consumet Microservice] Using provider: KickAssAnime"}
✅ Consumet microservice mounted at /consumet-api
==================================================
🚀 AniStrim2 running on port 5099
   Listening on: http://0.0.0.0:5099
==================================================
{"timestamp":"2026-08-09T07:29:41.476Z","level":"INFO","category":"general","message":"[STREAM_CACHE] EXPIRED","episodeId":33,"provider":"animeheaven"}
{"timestamp":"2026-08-09T07:29:41.681Z","level":"INFO","category":"general","message":"[STREAM_CACHE] EXPIRED","episodeId":33,"provider":"animeheaven"}
{"timestamp":"2026-08-09T07:29:41.690Z","level":"INFO","category":"stream","message":"get https://animeheaven.me","provider":"animeheaven","attempt":1,"status":"pending","proxy":true}
{"timestamp":"2026-08-09T07:29:41.692Z","level":"INFO","category":"general","message":"[streamingHttp] → GET https://animeheaven.me"}
{"timestamp":"2026-08-09T07:29:44.714Z","level":"INFO","category":"general","message":"[streamingHttp] ← 200 https://animeheaven.me (3022ms)"}
{"timestamp":"2026-08-09T07:29:44.715Z","level":"INFO","category":"stream","message":"✅ animeheaven resolved (3025ms)","provider":"animeheaven","attempt":1,"duration":3025,"status":200,"result":"success","timedOut":false,"cloudflareDetected":false}
{"timestamp":"2026-08-09T07:29:44.725Z","level":"INFO","category":"general","message":"[AnimeHeaven] Search started","query":"Jujutsu Kaisen 0"}
{"timestamp":"2026-08-09T07:29:44.727Z","level":"INFO","category":"stream","message":"get https://animeheaven.me/fastsearch.php?xhr=1&s=Jujutsu%20Kaisen%200","provider":"animeheaven","attempt":1,"status":"pending","proxy":true}
{"timestamp":"2026-08-09T07:29:44.727Z","level":"INFO","category":"general","message":"[streamingHttp] → GET https://animeheaven.me/fastsearch.php?xhr=1&s=Jujutsu%20Kaisen%200"}
{"timestamp":"2026-08-09T07:29:47.379Z","level":"INFO","category":"general","message":"[streamingHttp] ← 200 https://animeheaven.me/fastsearch.php?xhr=1&s=Jujutsu%20Kaisen%200 (2652ms)"}
{"timestamp":"2026-08-09T07:29:47.381Z","level":"INFO","category":"stream","message":"✅ animeheaven resolved (2654ms)","provider":"animeheaven","attempt":1,"duration":2654,"status":200,"result":"success","timedOut":false,"cloudflareDetected":false}
{"timestamp":"2026-08-09T07:29:47.395Z","level":"INFO","category":"stream","message":"get https://animeheaven.me/search.php?s=Jujutsu%20Kaisen%200","provider":"animeheaven","attempt":1,"status":"pending","proxy":true}
{"timestamp":"2026-08-09T07:29:47.396Z","level":"INFO","category":"general","message":"[streamingHttp] → GET https://animeheaven.me/search.php?s=Jujutsu%20Kaisen%200"}
