◇ injected env (46) from .env // tip: ⌁ auth for agents [www.vestauth.com]
{"timestamp":"2026-08-08T20:49:31.380Z","level":"INFO","category":"general","message":"[ProviderMonitor]","event":"provider_monitor_initialized","provider":"animeheaven","at":"2026-08-08T20:49:31.379Z","methodsWrapped":["searchAnime","getAnimeDetails","getEpisodeList","resolveEpisode","resolvePlayer","extractStreams"]}
◇ injected env (0) from .env // tip: ⌘ custom filepath { path: '/custom/path/.env' }
{"timestamp":"2026-08-08T20:49:31.928Z","level":"INFO","category":"general","message":"[ConsumetProvider] Available ANIME providers: Hianime, AnimePahe, AnimeKai, KickAssAnime, AnimeSaturn, AnimeUnity, AnimeSama"}
{"timestamp":"2026-08-08T20:49:31.930Z","level":"INFO","category":"general","message":"[ConsumetProvider] Registered: KickAssAnime"}
{"timestamp":"2026-08-08T20:49:31.931Z","level":"INFO","category":"general","message":"[ConsumetProvider] Registered: AnimeKai"}
{"timestamp":"2026-08-08T20:49:31.931Z","level":"INFO","category":"general","message":"[ConsumetProvider] Registered: AnimePahe"}
{"timestamp":"2026-08-08T20:49:31.931Z","level":"INFO","category":"general","message":"[ConsumetProvider] Registered: Hianime"}
{"timestamp":"2026-08-08T20:49:31.932Z","level":"INFO","category":"general","message":"[ConsumetProvider] Registered: AnimeSaturn"}
{"timestamp":"2026-08-08T20:49:31.933Z","level":"INFO","category":"general","message":"[ConsumetProvider] Registered: AnimeSama"}
{"timestamp":"2026-08-08T20:49:31.933Z","level":"INFO","category":"general","message":"[ConsumetProvider] Registered: AnimeUnity"}
{"timestamp":"2026-08-08T20:49:31.933Z","level":"INFO","category":"general","message":"[ConsumetProvider] Registry ready: KickAssAnime, AnimeKai, AnimePahe, Hianime, AnimeSaturn, AnimeSama, AnimeUnity"}
◇ injected env (0) from .env // tip: ⌘ override existing { override: true }
◇ injected env (0) from .env // tip: ⌘ enable debugging { debug: true }
{"timestamp":"2026-08-08T20:49:31.954Z","level":"INFO","category":"general","message":"[Consumet Microservice] Loaded META.Anilist"}
{"timestamp":"2026-08-08T20:49:31.955Z","level":"INFO","category":"general","message":"[Consumet Microservice] Using shared providerHttp layer for all HTTP traffic"}
{"timestamp":"2026-08-08T20:49:31.955Z","level":"INFO","category":"general","message":"[Consumet Microservice] Available ANIME providers: Hianime, AnimePahe, AnimeKai, KickAssAnime, AnimeSaturn, AnimeUnity, AnimeSama"}
{"timestamp":"2026-08-08T20:49:31.955Z","level":"INFO","category":"general","message":"[Consumet Microservice] Using provider: KickAssAnime"}
✅ Consumet microservice mounted at /consumet-api
==================================================
🚀 AniStrim2 running on port 5000
   Listening on: http://0.0.0.0:5000
==================================================
✅ MySQL connected to: anistrim_requirebut
🔑 Verifying default admin user...
✅ Admin user 'admin@anistrim.com' verified and password reset.
