◇ injected env (46) from .env // tip: ⌘ suppress logs { quiet: true }
{"timestamp":"2026-08-08T05:51:23.033Z","level":"INFO","category":"general","message":"[ProviderMonitor]","event":"provider_monitor_initialized","provider":"animeheaven","at":"2026-08-08T05:51:23.028Z","methodsWrapped":["searchAnime","getAnimeDetails","getEpisodeList","resolveEpisode","resolvePlayer","extractStreams"]}
◇ injected env (0) from .env // tip: ◈ secrets for agents [www.dotenvx.com]
{"timestamp":"2026-08-08T05:51:51.017Z","level":"INFO","category":"general","message":"[ConsumetProvider] Available ANIME providers: Hianime, AnimePahe, AnimeKai, KickAssAnime, AnimeSaturn, AnimeUnity, AnimeSama"}
{"timestamp":"2026-08-08T05:51:51.018Z","level":"INFO","category":"general","message":"[ConsumetProvider] Registered: KickAssAnime"}
{"timestamp":"2026-08-08T05:51:51.019Z","level":"INFO","category":"general","message":"[ConsumetProvider] Registered: AnimeKai"}
{"timestamp":"2026-08-08T05:51:51.020Z","level":"INFO","category":"general","message":"[ConsumetProvider] Registered: AnimePahe"}
{"timestamp":"2026-08-08T05:51:51.020Z","level":"INFO","category":"general","message":"[ConsumetProvider] Registered: Hianime"}
{"timestamp":"2026-08-08T05:51:51.021Z","level":"INFO","category":"general","message":"[ConsumetProvider] Registered: AnimeSaturn"}
{"timestamp":"2026-08-08T05:51:51.023Z","level":"INFO","category":"general","message":"[ConsumetProvider] Registered: AnimeSama"}
{"timestamp":"2026-08-08T05:51:51.024Z","level":"INFO","category":"general","message":"[ConsumetProvider] Registered: AnimeUnity"}
{"timestamp":"2026-08-08T05:51:51.024Z","level":"INFO","category":"general","message":"[ConsumetProvider] Registry ready: KickAssAnime, AnimeKai, AnimePahe, Hianime, AnimeSaturn, AnimeSama, AnimeUnity"}
◇ injected env (0) from .env // tip: ⌘ multiple files { path: ['.env.local', '.env'] }
◇ injected env (0) from .env // tip: ⌘ custom filepath { path: '/custom/path/.env' }
{"timestamp":"2026-08-08T05:51:51.077Z","level":"INFO","category":"general","message":"[Consumet Microservice] Loaded META.Anilist"}
{"timestamp":"2026-08-08T05:51:51.078Z","level":"INFO","category":"general","message":"[Consumet Microservice] Using shared providerHttp layer for all HTTP traffic"}
{"timestamp":"2026-08-08T05:51:51.078Z","level":"INFO","category":"general","message":"[Consumet Microservice] Available ANIME providers: Hianime, AnimePahe, AnimeKai, KickAssAnime, AnimeSaturn, AnimeUnity, AnimeSama"}
{"timestamp":"2026-08-08T05:51:51.078Z","level":"INFO","category":"general","message":"[Consumet Microservice] Using provider: KickAssAnime"}
✅ Consumet microservice mounted at /consumet-api
==================================================
🚀 AniStrim2 running on port 5000
   Listening on: http://0.0.0.0:5000
==================================================
{"timestamp":"2026-08-08T05:53:02.657Z","level":"INFO","category":"stream","message":"get https://animeheaven.me","provider":"animeheaven","attempt":1,"status":"pending","proxy":true}
{"timestamp":"2026-08-08T05:53:02.659Z","level":"INFO","category":"general","message":"[streamingHttp] → GET https://animeheaven.me"}
{"timestamp":"2026-08-08T05:53:07.526Z","level":"INFO","category":"general","message":"[streamingHttp] ← 200 https://animeheaven.me (4867ms)"}
{"timestamp":"2026-08-08T05:53:07.526Z","level":"INFO","category":"stream","message":"✅ animeheaven resolved (4868ms)","provider":"animeheaven","attempt":1,"duration":4868,"status":200,"result":"success","timedOut":false,"cloudflareDetected":false}
{"timestamp":"2026-08-08T05:53:07.530Z","level":"INFO","category":"general","message":"[AnimeHeaven] Search started","query":"Jujutsu Kaisen"}
{"timestamp":"2026-08-08T05:53:07.531Z","level":"INFO","category":"stream","message":"get https://animeheaven.me/fastsearch.php?xhr=1&s=Jujutsu%20Kaisen","provider":"animeheaven","attempt":1,"status":"pending","proxy":true}
{"timestamp":"2026-08-08T05:53:07.531Z","level":"INFO","category":"general","message":"[streamingHttp] → GET https://animeheaven.me/fastsearch.php?xhr=1&s=Jujutsu%20Kaisen"}
{"timestamp":"2026-08-08T05:53:10.880Z","level":"INFO","category":"general","message":"[streamingHttp] ← 200 https://animeheaven.me/fastsearch.php?xhr=1&s=Jujutsu%20Kaisen (3349ms)"}
{"timestamp":"2026-08-08T05:53:10.882Z","level":"INFO","category":"stream","message":"✅ animeheaven resolved (3351ms)","provider":"animeheaven","attempt":1,"duration":3351,"status":200,"result":"success","timedOut":false,"cloudflareDetected":false}
{"timestamp":"2026-08-08T05:53:10.896Z","level":"INFO","category":"stream","message":"get https://animeheaven.me/search.php?s=Jujutsu%20Kaisen","provider":"animeheaven","attempt":1,"status":"pending","proxy":true}
{"timestamp":"2026-08-08T05:53:10.897Z","level":"INFO","category":"general","message":"[streamingHttp] → GET https://animeheaven.me/search.php?s=Jujutsu%20Kaisen"}
{"timestamp":"2026-08-08T05:53:14.905Z","level":"INFO","category":"general","message":"[streamingHttp] ← 200 https://animeheaven.me/search.php?s=Jujutsu%20Kaisen (4008ms)"}
{"timestamp":"2026-08-08T05:53:14.906Z","level":"INFO","category":"stream","message":"✅ animeheaven resolved (4010ms)","provider":"animeheaven","attempt":1,"duration":4010,"status":200,"result":"success","timedOut":false,"cloudflareDetected":false}
{"timestamp":"2026-08-08T05:53:14.916Z","level":"INFO","category":"stream","message":"get https://animeheaven.me/?s=Jujutsu%20Kaisen","provider":"animeheaven","attempt":1,"status":"pending","proxy":true}
{"timestamp":"2026-08-08T05:53:14.916Z","level":"INFO","category":"general","message":"[streamingHttp] → GET https://animeheaven.me/?s=Jujutsu%20Kaisen"}
{"timestamp":"2026-08-08T05:53:19.638Z","level":"INFO","category":"general","message":"[streamingHttp] ← 200 https://animeheaven.me/?s=Jujutsu%20Kaisen (4722ms)"}
{"timestamp":"2026-08-08T05:53:19.640Z","level":"INFO","category":"stream","message":"✅ animeheaven resolved (4724ms)","provider":"animeheaven","attempt":1,"duration":4724,"status":200,"result":"success","timedOut":false,"cloudflareDetected":false}
{"timestamp":"2026-08-08T05:53:19.796Z","level":"INFO","category":"stream","message":"get https://animeheaven.me/","provider":"animeheaven","attempt":1,"status":"pending","proxy":true}
{"timestamp":"2026-08-08T05:53:19.797Z","level":"INFO","category":"general","message":"[streamingHttp] → GET https://animeheaven.me/"}
{"timestamp":"2026-08-08T05:53:23.155Z","level":"INFO","category":"general","message":"[streamingHttp] ← 200 https://animeheaven.me/ (3358ms)"}
{"timestamp":"2026-08-08T05:53:23.156Z","level":"INFO","category":"stream","message":"✅ animeheaven resolved (3359ms)","provider":"animeheaven","attempt":1,"duration":3359,"status":200,"result":"success","timedOut":false,"cloudflareDetected":false}
{"timestamp":"2026-08-08T05:53:23.288Z","level":"INFO","category":"stream","message":"get https://animeheaven.me/fastsearch.php?xhr=1&s=sorcery","provider":"animeheaven","attempt":1,"status":"pending","proxy":true}
{"timestamp":"2026-08-08T05:53:23.289Z","level":"INFO","category":"general","message":"[streamingHttp] → GET https://animeheaven.me/fastsearch.php?xhr=1&s=sorcery"}
{"timestamp":"2026-08-08T05:53:25.929Z","level":"INFO","category":"general","message":"[streamingHttp] ← 200 https://animeheaven.me/fastsearch.php?xhr=1&s=sorcery (2640ms)"}
{"timestamp":"2026-08-08T05:53:25.930Z","level":"INFO","category":"stream","message":"✅ animeheaven resolved (2642ms)","provider":"animeheaven","attempt":1,"duration":2642,"status":200,"result":"success","timedOut":false,"cloudflareDetected":false}
{"timestamp":"2026-08-08T05:53:25.934Z","level":"INFO","category":"stream","message":"get https://animeheaven.me/search.php?s=sorcery","provider":"animeheaven","attempt":1,"status":"pending","proxy":true}
{"timestamp":"2026-08-08T05:53:25.935Z","level":"INFO","category":"general","message":"[streamingHttp] → GET https://animeheaven.me/search.php?s=sorcery"}
{"timestamp":"2026-08-08T05:53:30.835Z","level":"INFO","category":"general","message":"[streamingHttp] ← 200 https://animeheaven.me/search.php?s=sorcery (4900ms)"}
{"timestamp":"2026-08-08T05:53:30.837Z","level":"INFO","category":"stream","message":"✅ animeheaven resolved (4902ms)","provider":"animeheaven","attempt":1,"duration":4902,"status":200,"result":"success","timedOut":false,"cloudflareDetected":false}
{"timestamp":"2026-08-08T05:53:30.842Z","level":"INFO","category":"stream","message":"get https://animeheaven.me/?s=sorcery","provider":"animeheaven","attempt":1,"status":"pending","proxy":true}
{"timestamp":"2026-08-08T05:53:30.842Z","level":"INFO","category":"general","message":"[streamingHttp] → GET https://animeheaven.me/?s=sorcery"}
{"timestamp":"2026-08-08T05:53:38.114Z","level":"INFO","category":"general","message":"[streamingHttp] ← 200 https://animeheaven.me/?s=sorcery (7272ms)"}
{"timestamp":"2026-08-08T05:53:38.114Z","level":"INFO","category":"stream","message":"✅ animeheaven resolved (7272ms)","provider":"animeheaven","attempt":1,"duration":7272,"status":200,"result":"success","timedOut":false,"cloudflareDetected":false}
{"timestamp":"2026-08-08T05:53:38.356Z","level":"INFO","category":"stream","message":"get https://animeheaven.me/fastsearch.php?xhr=1&s=battle","provider":"animeheaven","attempt":1,"status":"pending","proxy":true}
{"timestamp":"2026-08-08T05:53:38.357Z","level":"INFO","category":"general","message":"[streamingHttp] → GET https://animeheaven.me/fastsearch.php?xhr=1&s=battle"}
{"timestamp":"2026-08-08T05:53:41.352Z","level":"INFO","category":"general","message":"[streamingHttp] ← 200 https://animeheaven.me/fastsearch.php?xhr=1&s=battle (2995ms)"}
{"timestamp":"2026-08-08T05:53:41.353Z","level":"INFO","category":"stream","message":"✅ animeheaven resolved (2996ms)","provider":"animeheaven","attempt":1,"duration":2996,"status":200,"result":"success","timedOut":false,"cloudflareDetected":false}
{"timestamp":"2026-08-08T05:53:41.359Z","level":"INFO","category":"stream","message":"get https://animeheaven.me/search.php?s=battle","provider":"animeheaven","attempt":1,"status":"pending","proxy":true}
{"timestamp":"2026-08-08T05:53:41.360Z","level":"INFO","category":"general","message":"[streamingHttp] → GET https://animeheaven.me/search.php?s=battle"}
{"timestamp":"2026-08-08T05:53:44.434Z","level":"INFO","category":"general","message":"[streamingHttp] ← 200 https://animeheaven.me/search.php?s=battle (3074ms)"}
{"timestamp":"2026-08-08T05:53:44.436Z","level":"INFO","category":"stream","message":"✅ animeheaven resolved (3075ms)","provider":"animeheaven","attempt":1,"duration":3075,"status":200,"result":"success","timedOut":false,"cloudflareDetected":false}
{"timestamp":"2026-08-08T05:53:44.443Z","level":"INFO","category":"stream","message":"get https://animeheaven.me/?s=battle","provider":"animeheaven","attempt":1,"status":"pending","proxy":true}
{"timestamp":"2026-08-08T05:53:44.443Z","level":"INFO","category":"general","message":"[streamingHttp] → GET https://animeheaven.me/?s=battle"}
{"timestamp":"2026-08-08T05:53:48.926Z","level":"INFO","category":"general","message":"[streamingHttp] ← 200 https://animeheaven.me/?s=battle (4483ms)"}
{"timestamp":"2026-08-08T05:53:48.927Z","level":"INFO","category":"stream","message":"✅ animeheaven resolved (4484ms)","provider":"animeheaven","attempt":1,"duration":4484,"status":200,"result":"success","timedOut":false,"cloudflareDetected":false}
{"timestamp":"2026-08-08T05:53:49.504Z","level":"INFO","category":"stream","message":"get https://animeheaven.me/fastsearch.php?xhr=1&s=jjk","provider":"animeheaven","attempt":1,"status":"pending","proxy":true}
{"timestamp":"2026-08-08T05:53:49.506Z","level":"INFO","category":"general","message":"[streamingHttp] → GET https://animeheaven.me/fastsearch.php?xhr=1&s=jjk"}
{"timestamp":"2026-08-08T05:53:52.061Z","level":"INFO","category":"general","message":"[streamingHttp] ← 200 https://animeheaven.me/fastsearch.php?xhr=1&s=jjk (2555ms)"}
{"timestamp":"2026-08-08T05:53:52.062Z","level":"INFO","category":"stream","message":"✅ animeheaven resolved (2556ms)","provider":"animeheaven","attempt":1,"duration":2556,"status":200,"result":"success","timedOut":false,"cloudflareDetected":false}
{"timestamp":"2026-08-08T05:53:52.064Z","level":"INFO","category":"stream","message":"get https://animeheaven.me/search.php?s=jjk","provider":"animeheaven","attempt":1,"status":"pending","proxy":true}
{"timestamp":"2026-08-08T05:53:52.065Z","level":"INFO","category":"general","message":"[streamingHttp] → GET https://animeheaven.me/search.php?s=jjk"}
{"timestamp":"2026-08-08T05:53:58.698Z","level":"INFO","category":"general","message":"[streamingHttp] ← 200 https://animeheaven.me/search.php?s=jjk (6633ms)"}
{"timestamp":"2026-08-08T05:53:58.699Z","level":"INFO","category":"stream","message":"✅ animeheaven resolved (6634ms)","provider":"animeheaven","attempt":1,"duration":6634,"status":200,"result":"success","timedOut":false,"cloudflareDetected":false}
{"timestamp":"2026-08-08T05:53:58.702Z","level":"INFO","category":"stream","message":"get https://animeheaven.me/?s=jjk","provider":"animeheaven","attempt":1,"status":"pending","proxy":true}
{"timestamp":"2026-08-08T05:53:58.702Z","level":"INFO","category":"general","message":"[streamingHttp] → GET https://animeheaven.me/?s=jjk"}
{"timestamp":"2026-08-08T05:54:01.817Z","level":"INFO","category":"general","message":"[streamingHttp] ← 200 https://animeheaven.me/?s=jjk (3115ms)"}
{"timestamp":"2026-08-08T05:54:01.819Z","level":"INFO","category":"stream","message":"✅ animeheaven resolved (3117ms)","provider":"animeheaven","attempt":1,"duration":3117,"status":200,"result":"success","timedOut":false,"cloudflareDetected":false}
{"timestamp":"2026-08-08T05:54:02.110Z","level":"INFO","category":"general","message":"[AnimeHeaven] Search success","query":"Jujutsu Kaisen","count":8,"latencyMs":54580}
{"timestamp":"2026-08-08T05:54:02.110Z","level":"INFO","category":"general","message":"[ProviderMonitor]","event":"provider_request","provider":"animeheaven","at":"2026-08-08T05:54:02.110Z","method":"searchAnime","success":true,"latencyMs":54580,"activeRequests":3,"cacheCandidateSeenBefore":false,"cacheHitCount":0,"totalRequests":4}
{"timestamp":"2026-08-08T05:54:02.111Z","level":"INFO","category":"stream","message":"get https://animeheaven.me/anime.php?62reo","provider":"animeheaven","attempt":1,"status":"pending","proxy":true}
{"timestamp":"2026-08-08T05:54:02.111Z","level":"INFO","category":"general","message":"[streamingHttp] → GET https://animeheaven.me/anime.php?62reo"}
{"timestamp":"2026-08-08T05:54:06.962Z","level":"INFO","category":"general","message":"[streamingHttp] ← 200 https://animeheaven.me/anime.php?62reo (4851ms)"}
{"timestamp":"2026-08-08T05:54:06.964Z","level":"INFO","category":"stream","message":"✅ animeheaven resolved (4853ms)","provider":"animeheaven","attempt":1,"duration":4853,"status":200,"result":"success","timedOut":false,"cloudflareDetected":false}
{"timestamp":"2026-08-08T05:54:06.977Z","level":"INFO","category":"general","message":"[ProviderMonitor]","event":"provider_request","provider":"animeheaven","at":"2026-08-08T05:54:06.977Z","method":"getAnimeDetails","success":true,"latencyMs":4867,"activeRequests":3,"cacheCandidateSeenBefore":false,"cacheHitCount":0,"totalRequests":5}
{"timestamp":"2026-08-08T05:54:06.978Z","level":"INFO","category":"stream","message":"get https://animeheaven.me/gate.php","provider":"animeheaven","attempt":1,"status":"pending","proxy":true}
{"timestamp":"2026-08-08T05:54:06.978Z","level":"INFO","category":"general","message":"[streamingHttp] → GET https://animeheaven.me/gate.php"}
{"timestamp":"2026-08-08T05:54:11.005Z","level":"INFO","category":"general","message":"[streamingHttp] ← 200 https://animeheaven.me/gate.php (4027ms)"}
{"timestamp":"2026-08-08T05:54:11.006Z","level":"INFO","category":"stream","message":"✅ animeheaven resolved (4028ms)","provider":"animeheaven","attempt":1,"duration":4028,"status":200,"result":"success","timedOut":false,"cloudflareDetected":false}
{"timestamp":"2026-08-08T05:54:11.007Z","level":"INFO","category":"general","message":"[AnimeHeaven] Episode resolved","anime":"Sorcery Fight","episode":1,"hasHtml":true}
{"timestamp":"2026-08-08T05:54:11.008Z","level":"INFO","category":"general","message":"[ProviderMonitor]","event":"provider_request","provider":"animeheaven","at":"2026-08-08T05:54:11.008Z","method":"resolveEpisode","success":true,"latencyMs":68353,"activeRequests":2,"cacheCandidateSeenBefore":false,"cacheHitCount":0,"totalRequests":5}
{"timestamp":"2026-08-08T05:54:11.013Z","level":"INFO","category":"general","message":"[AnimeHeaven] Player resolved","episode":1,"sources":4}
{"timestamp":"2026-08-08T05:54:11.014Z","level":"INFO","category":"general","message":"[ProviderMonitor]","event":"provider_request","provider":"animeheaven","at":"2026-08-08T05:54:11.014Z","method":"resolvePlayer","success":true,"latencyMs":68359,"activeRequests":1,"cacheCandidateSeenBefore":false,"cacheHitCount":0,"totalRequests":5}
{"timestamp":"2026-08-08T05:54:11.017Z","level":"INFO","category":"stream","message":"get https://ck.animeheaven.me/subtitles.vtt?730376c20de881ed8023d011bf8a86f1&5529eb17cc1eabf68df0d4d2e6535bb8&error2","provider":"animeheaven","attempt":1,"status":"pending","proxy":true}
{"timestamp":"2026-08-08T05:54:11.017Z","level":"INFO","category":"general","message":"[streamingHttp] → GET https://ck.animeheaven.me/subtitles.vtt?730376c20de881ed8023d011bf8a86f1&5529eb17cc1eabf68df0d4d2e6535bb8&error2"}
{"timestamp":"2026-08-08T05:54:13.663Z","level":"INFO","category":"stream","message":"get https://ck.animeheaven.me/caption.vtt?730376c20de881ed8023d011bf8a86f1&5529eb17cc1eabf68df0d4d2e6535bb8&error2","provider":"animeheaven","attempt":1,"status":"pending","proxy":true}
{"timestamp":"2026-08-08T05:54:13.663Z","level":"INFO","category":"general","message":"[streamingHttp] → GET https://ck.animeheaven.me/caption.vtt?730376c20de881ed8023d011bf8a86f1&5529eb17cc1eabf68df0d4d2e6535bb8&error2"}
{"timestamp":"2026-08-08T05:54:22.262Z","level":"INFO","category":"stream","message":"get https://ck.animeheaven.me/subtitle.vtt?730376c20de881ed8023d011bf8a86f1&5529eb17cc1eabf68df0d4d2e6535bb8&error2","provider":"animeheaven","attempt":1,"status":"pending","proxy":true}
{"timestamp":"2026-08-08T05:54:22.263Z","level":"INFO","category":"general","message":"[streamingHttp] → GET https://ck.animeheaven.me/subtitle.vtt?730376c20de881ed8023d011bf8a86f1&5529eb17cc1eabf68df0d4d2e6535bb8&error2"}
{"timestamp":"2026-08-08T05:54:25.373Z","level":"INFO","category":"stream","message":"get https://ck.animeheaven.me/video.vtt?730376c20de881ed8023d011bf8a86f1&5529eb17cc1eabf68df0d4d2e6535bb8&error2","provider":"animeheaven","attempt":1,"status":"pending","proxy":true}
{"timestamp":"2026-08-08T05:54:25.374Z","level":"INFO","category":"general","message":"[streamingHttp] → GET https://ck.animeheaven.me/video.vtt?730376c20de881ed8023d011bf8a86f1&5529eb17cc1eabf68df0d4d2e6535bb8&error2"}
{"timestamp":"2026-08-08T05:54:28.740Z","level":"INFO","category":"stream","message":"get https://ck.animeheaven.me/subtitles.srt?730376c20de881ed8023d011bf8a86f1&5529eb17cc1eabf68df0d4d2e6535bb8&error2","provider":"animeheaven","attempt":1,"status":"pending","proxy":true}
{"timestamp":"2026-08-08T05:54:28.740Z","level":"INFO","category":"general","message":"[streamingHttp] → GET https://ck.animeheaven.me/subtitles.srt?730376c20de881ed8023d011bf8a86f1&5529eb17cc1eabf68df0d4d2e6535bb8&error2"}
{"timestamp":"2026-08-08T05:54:31.653Z","level":"INFO","category":"stream","message":"get https://ck.animeheaven.me/subtitle.srt?730376c20de881ed8023d011bf8a86f1&5529eb17cc1eabf68df0d4d2e6535bb8&error2","provider":"animeheaven","attempt":1,"status":"pending","proxy":true}
{"timestamp":"2026-08-08T05:54:31.654Z","level":"INFO","category":"general","message":"[streamingHttp] → GET https://ck.animeheaven.me/subtitle.srt?730376c20de881ed8023d011bf8a86f1&5529eb17cc1eabf68df0d4d2e6535bb8&error2"}
{"timestamp":"2026-08-08T05:54:35.860Z","level":"INFO","category":"stream","message":"get https://ck.animeheaven.me/subtitles/730376c20de881ed8023d011bf8a86f1.vtt","provider":"animeheaven","attempt":1,"status":"pending","proxy":true}
{"timestamp":"2026-08-08T05:54:35.860Z","level":"INFO","category":"general","message":"[streamingHttp] → GET https://ck.animeheaven.me/subtitles/730376c20de881ed8023d011bf8a86f1.vtt"}
{"timestamp":"2026-08-08T05:54:40.095Z","level":"INFO","category":"stream","message":"get https://ck.animeheaven.me/subtitle/730376c20de881ed8023d011bf8a86f1.vtt","provider":"animeheaven","attempt":1,"status":"pending","proxy":true}
{"timestamp":"2026-08-08T05:54:40.096Z","level":"INFO","category":"general","message":"[streamingHttp] → GET https://ck.animeheaven.me/subtitle/730376c20de881ed8023d011bf8a86f1.vtt"}
{"timestamp":"2026-08-08T05:54:44.023Z","level":"INFO","category":"stream","message":"get https://ck.animeheaven.me/captions/730376c20de881ed8023d011bf8a86f1.vtt","provider":"animeheaven","attempt":1,"status":"pending","proxy":true}
{"timestamp":"2026-08-08T05:54:44.023Z","level":"INFO","category":"general","message":"[streamingHttp] → GET https://ck.animeheaven.me/captions/730376c20de881ed8023d011bf8a86f1.vtt"}
{"timestamp":"2026-08-08T05:54:47.138Z","level":"INFO","category":"stream","message":"get https://ck.animeheaven.me/subtitles/730376c20de881ed8023d011bf8a86f1.srt","provider":"animeheaven","attempt":1,"status":"pending","proxy":true}
{"timestamp":"2026-08-08T05:54:47.139Z","level":"INFO","category":"general","message":"[streamingHttp] → GET https://ck.animeheaven.me/subtitles/730376c20de881ed8023d011bf8a86f1.srt"}
{"timestamp":"2026-08-08T05:54:49.489Z","level":"INFO","category":"stream","message":"get https://ck.animeheaven.me/subtitle/730376c20de881ed8023d011bf8a86f1.srt","provider":"animeheaven","attempt":1,"status":"pending","proxy":true}
{"timestamp":"2026-08-08T05:54:49.489Z","level":"INFO","category":"general","message":"[streamingHttp] → GET https://ck.animeheaven.me/subtitle/730376c20de881ed8023d011bf8a86f1.srt"}
{"timestamp":"2026-08-08T05:54:52.757Z","level":"INFO","category":"stream","message":"get https://ck.animeheaven.me/captions/730376c20de881ed8023d011bf8a86f1.srt","provider":"animeheaven","attempt":1,"status":"pending","proxy":true}
{"timestamp":"2026-08-08T05:54:52.757Z","level":"INFO","category":"general","message":"[streamingHttp] → GET https://ck.animeheaven.me/captions/730376c20de881ed8023d011bf8a86f1.srt"}
{"timestamp":"2026-08-08T05:54:55.513Z","level":"INFO","category":"stream","message":"get https://ct.animeheaven.me/subtitles.vtt?730376c20de881ed8023d011bf8a86f1&5529eb17cc1eabf68df0d4d2e6535bb8&error","provider":"animeheaven","attempt":1,"status":"pending","proxy":true}
{"timestamp":"2026-08-08T05:54:55.514Z","level":"INFO","category":"general","message":"[streamingHttp] → GET https://ct.animeheaven.me/subtitles.vtt?730376c20de881ed8023d011bf8a86f1&5529eb17cc1eabf68df0d4d2e6535bb8&error"}
{"timestamp":"2026-08-08T05:54:58.313Z","level":"INFO","category":"stream","message":"get https://ct.animeheaven.me/caption.vtt?730376c20de881ed8023d011bf8a86f1&5529eb17cc1eabf68df0d4d2e6535bb8&error","provider":"animeheaven","attempt":1,"status":"pending","proxy":true}
{"timestamp":"2026-08-08T05:54:58.313Z","level":"INFO","category":"general","message":"[streamingHttp] → GET https://ct.animeheaven.me/caption.vtt?730376c20de881ed8023d011bf8a86f1&5529eb17cc1eabf68df0d4d2e6535bb8&error"}
{"timestamp":"2026-08-08T05:54:59.392Z","level":"INFO","category":"general","message":"[AnimeHeaven] Search started","query":"Naruto"}
{"timestamp":"2026-08-08T05:54:59.394Z","level":"INFO","category":"stream","message":"get https://animeheaven.me/fastsearch.php?xhr=1&s=Naruto","provider":"animeheaven","attempt":1,"status":"pending","proxy":true}
{"timestamp":"2026-08-08T05:54:59.395Z","level":"INFO","category":"general","message":"[streamingHttp] → GET https://animeheaven.me/fastsearch.php?xhr=1&s=Naruto"}
{"timestamp":"2026-08-08T05:55:02.756Z","level":"INFO","category":"general","message":"[streamingHttp] ← 200 https://animeheaven.me/fastsearch.php?xhr=1&s=Naruto (3361ms)"}
{"timestamp":"2026-08-08T05:55:02.757Z","level":"INFO","category":"stream","message":"✅ animeheaven resolved (3362ms)","provider":"animeheaven","attempt":1,"duration":3362,"status":200,"result":"success","timedOut":false,"cloudflareDetected":false}
{"timestamp":"2026-08-08T05:55:02.759Z","level":"INFO","category":"stream","message":"get https://animeheaven.me/search.php?s=Naruto","provider":"animeheaven","attempt":1,"status":"pending","proxy":true}
{"timestamp":"2026-08-08T05:55:02.759Z","level":"INFO","category":"general","message":"[streamingHttp] → GET https://animeheaven.me/search.php?s=Naruto"}
{"timestamp":"2026-08-08T05:55:04.651Z","level":"INFO","category":"stream","message":"get https://ct.animeheaven.me/subtitle.vtt?730376c20de881ed8023d011bf8a86f1&5529eb17cc1eabf68df0d4d2e6535bb8&error","provider":"animeheaven","attempt":1,"status":"pending","proxy":true}
{"timestamp":"2026-08-08T05:55:04.652Z","level":"INFO","category":"general","message":"[streamingHttp] → GET https://ct.animeheaven.me/subtitle.vtt?730376c20de881ed8023d011bf8a86f1&5529eb17cc1eabf68df0d4d2e6535bb8&error"}
{"timestamp":"2026-08-08T05:55:05.959Z","level":"INFO","category":"general","message":"[streamingHttp] ← 200 https://animeheaven.me/search.php?s=Naruto (3200ms)"}
{"timestamp":"2026-08-08T05:55:05.960Z","level":"INFO","category":"stream","message":"✅ animeheaven resolved (3201ms)","provider":"animeheaven","attempt":1,"duration":3201,"status":200,"result":"success","timedOut":false,"cloudflareDetected":false}
{"timestamp":"2026-08-08T05:55:05.962Z","level":"INFO","category":"stream","message":"get https://animeheaven.me/?s=Naruto","provider":"animeheaven","attempt":1,"status":"pending","proxy":true}
{"timestamp":"2026-08-08T05:55:05.962Z","level":"INFO","category":"general","message":"[streamingHttp] → GET https://animeheaven.me/?s=Naruto"}
{"timestamp":"2026-08-08T05:55:07.273Z","level":"INFO","category":"stream","message":"get https://ct.animeheaven.me/video.vtt?730376c20de881ed8023d011bf8a86f1&5529eb17cc1eabf68df0d4d2e6535bb8&error","provider":"animeheaven","attempt":1,"status":"pending","proxy":true}
{"timestamp":"2026-08-08T05:55:07.273Z","level":"INFO","category":"general","message":"[streamingHttp] → GET https://ct.animeheaven.me/video.vtt?730376c20de881ed8023d011bf8a86f1&5529eb17cc1eabf68df0d4d2e6535bb8&error"}
{"timestamp":"2026-08-08T05:55:09.208Z","level":"INFO","category":"general","message":"[streamingHttp] ← 200 https://animeheaven.me/?s=Naruto (3246ms)"}
{"timestamp":"2026-08-08T05:55:09.209Z","level":"INFO","category":"stream","message":"✅ animeheaven resolved (3247ms)","provider":"animeheaven","attempt":1,"duration":3247,"status":200,"result":"success","timedOut":false,"cloudflareDetected":false}
{"timestamp":"2026-08-08T05:55:09.366Z","level":"INFO","category":"general","message":"[AnimeHeaven] Search success","query":"Naruto","count":8,"latencyMs":9972}
{"timestamp":"2026-08-08T05:55:09.367Z","level":"INFO","category":"general","message":"[ProviderMonitor]","event":"provider_request","provider":"animeheaven","at":"2026-08-08T05:55:09.367Z","method":"searchAnime","success":true,"latencyMs":9974,"activeRequests":4,"cacheCandidateSeenBefore":false,"cacheHitCount":0,"totalRequests":9}
{"timestamp":"2026-08-08T05:55:09.367Z","level":"INFO","category":"stream","message":"get https://animeheaven.me/anime.php?ukr6y","provider":"animeheaven","attempt":1,"status":"pending","proxy":true}
{"timestamp":"2026-08-08T05:55:09.367Z","level":"INFO","category":"general","message":"[streamingHttp] → GET https://animeheaven.me/anime.php?ukr6y"}
{"timestamp":"2026-08-08T05:55:11.815Z","level":"INFO","category":"stream","message":"get https://ct.animeheaven.me/subtitles.srt?730376c20de881ed8023d011bf8a86f1&5529eb17cc1eabf68df0d4d2e6535bb8&error","provider":"animeheaven","attempt":1,"status":"pending","proxy":true}
{"timestamp":"2026-08-08T05:55:11.815Z","level":"INFO","category":"general","message":"[streamingHttp] → GET https://ct.animeheaven.me/subtitles.srt?730376c20de881ed8023d011bf8a86f1&5529eb17cc1eabf68df0d4d2e6535bb8&error"}
{"timestamp":"2026-08-08T05:55:12.658Z","level":"INFO","category":"general","message":"[streamingHttp] ← 200 https://animeheaven.me/anime.php?ukr6y (3291ms)"}
{"timestamp":"2026-08-08T05:55:12.659Z","level":"INFO","category":"stream","message":"✅ animeheaven resolved (3292ms)","provider":"animeheaven","attempt":1,"duration":3292,"status":200,"result":"success","timedOut":false,"cloudflareDetected":false}
{"timestamp":"2026-08-08T05:55:12.682Z","level":"INFO","category":"general","message":"[ProviderMonitor]","event":"provider_request","provider":"animeheaven","at":"2026-08-08T05:55:12.682Z","method":"getAnimeDetails","success":true,"latencyMs":3315,"activeRequests":4,"cacheCandidateSeenBefore":false,"cacheHitCount":0,"totalRequests":10}
{"timestamp":"2026-08-08T05:55:12.683Z","level":"INFO","category":"stream","message":"get https://animeheaven.me/gate.php","provider":"animeheaven","attempt":1,"status":"pending","proxy":true}
{"timestamp":"2026-08-08T05:55:12.683Z","level":"INFO","category":"general","message":"[streamingHttp] → GET https://animeheaven.me/gate.php"}
{"timestamp":"2026-08-08T05:55:15.435Z","level":"INFO","category":"stream","message":"get https://ct.animeheaven.me/subtitle.srt?730376c20de881ed8023d011bf8a86f1&5529eb17cc1eabf68df0d4d2e6535bb8&error","provider":"animeheaven","attempt":1,"status":"pending","proxy":true}
{"timestamp":"2026-08-08T05:55:15.435Z","level":"INFO","category":"general","message":"[streamingHttp] → GET https://ct.animeheaven.me/subtitle.srt?730376c20de881ed8023d011bf8a86f1&5529eb17cc1eabf68df0d4d2e6535bb8&error"}
{"timestamp":"2026-08-08T05:55:15.513Z","level":"INFO","category":"general","message":"[streamingHttp] ← 200 https://animeheaven.me/gate.php (2830ms)"}
{"timestamp":"2026-08-08T05:55:15.514Z","level":"INFO","category":"stream","message":"✅ animeheaven resolved (2831ms)","provider":"animeheaven","attempt":1,"duration":2831,"status":200,"result":"success","timedOut":false,"cloudflareDetected":false}
{"timestamp":"2026-08-08T05:55:15.515Z","level":"INFO","category":"general","message":"[AnimeHeaven] Episode resolved","anime":"Naruto","episode":1,"hasHtml":true}
{"timestamp":"2026-08-08T05:55:15.515Z","level":"INFO","category":"general","message":"[ProviderMonitor]","event":"provider_request","provider":"animeheaven","at":"2026-08-08T05:55:15.515Z","method":"resolveEpisode","success":true,"latencyMs":16123,"activeRequests":3,"cacheCandidateSeenBefore":false,"cacheHitCount":0,"totalRequests":10}
{"timestamp":"2026-08-08T05:55:15.519Z","level":"INFO","category":"general","message":"[AnimeHeaven] Player resolved","episode":1,"sources":4}
{"timestamp":"2026-08-08T05:55:15.519Z","level":"INFO","category":"general","message":"[ProviderMonitor]","event":"provider_request","provider":"animeheaven","at":"2026-08-08T05:55:15.519Z","method":"resolvePlayer","success":true,"latencyMs":16127,"activeRequests":2,"cacheCandidateSeenBefore":false,"cacheHitCount":0,"totalRequests":10}
{"timestamp":"2026-08-08T05:55:15.525Z","level":"INFO","category":"stream","message":"get https://ck.animeheaven.me/subtitles.vtt?c5fe97dc4862635ffd63a5dc495a26f3&e8d1dc758a43f501f6e48b79802570f2&error2","provider":"animeheaven","attempt":1,"status":"pending","proxy":true}
{"timestamp":"2026-08-08T05:55:15.525Z","level":"INFO","category":"general","message":"[streamingHttp] → GET https://ck.animeheaven.me/subtitles.vtt?c5fe97dc4862635ffd63a5dc495a26f3&e8d1dc758a43f501f6e48b79802570f2&error2"}
{"timestamp":"2026-08-08T05:55:18.563Z","level":"INFO","category":"stream","message":"get https://ck.animeheaven.me/caption.vtt?c5fe97dc4862635ffd63a5dc495a26f3&e8d1dc758a43f501f6e48b79802570f2&error2","provider":"animeheaven","attempt":1,"status":"pending","proxy":true}
{"timestamp":"2026-08-08T05:55:18.563Z","level":"INFO","category":"general","message":"[streamingHttp] → GET https://ck.animeheaven.me/caption.vtt?c5fe97dc4862635ffd63a5dc495a26f3&e8d1dc758a43f501f6e48b79802570f2&error2"}
{"timestamp":"2026-08-08T05:55:18.616Z","level":"INFO","category":"stream","message":"get https://ct.animeheaven.me/subtitles/730376c20de881ed8023d011bf8a86f1.vtt","provider":"animeheaven","attempt":1,"status":"pending","proxy":true}
{"timestamp":"2026-08-08T05:55:18.617Z","level":"INFO","category":"general","message":"[streamingHttp] → GET https://ct.animeheaven.me/subtitles/730376c20de881ed8023d011bf8a86f1.vtt"}
{"timestamp":"2026-08-08T05:55:22.338Z","level":"INFO","category":"stream","message":"get https://ct.animeheaven.me/subtitle/730376c20de881ed8023d011bf8a86f1.vtt","provider":"animeheaven","attempt":1,"status":"pending","proxy":true}
{"timestamp":"2026-08-08T05:55:22.339Z","level":"INFO","category":"general","message":"[streamingHttp] → GET https://ct.animeheaven.me/subtitle/730376c20de881ed8023d011bf8a86f1.vtt"}
{"timestamp":"2026-08-08T05:55:23.164Z","level":"INFO","category":"stream","message":"get https://ck.animeheaven.me/subtitle.vtt?c5fe97dc4862635ffd63a5dc495a26f3&e8d1dc758a43f501f6e48b79802570f2&error2","provider":"animeheaven","attempt":1,"status":"pending","proxy":true}
{"timestamp":"2026-08-08T05:55:23.164Z","level":"INFO","category":"general","message":"[streamingHttp] → GET https://ck.animeheaven.me/subtitle.vtt?c5fe97dc4862635ffd63a5dc495a26f3&e8d1dc758a43f501f6e48b79802570f2&error2"}
{"timestamp":"2026-08-08T05:55:25.481Z","level":"INFO","category":"stream","message":"get https://ct.animeheaven.me/captions/730376c20de881ed8023d011bf8a86f1.vtt","provider":"animeheaven","attempt":1,"status":"pending","proxy":true}
{"timestamp":"2026-08-08T05:55:25.481Z","level":"INFO","category":"general","message":"[streamingHttp] → GET https://ct.animeheaven.me/captions/730376c20de881ed8023d011bf8a86f1.vtt"}
{"timestamp":"2026-08-08T05:55:28.794Z","level":"INFO","category":"stream","message":"get https://ck.animeheaven.me/video.vtt?c5fe97dc4862635ffd63a5dc495a26f3&e8d1dc758a43f501f6e48b79802570f2&error2","provider":"animeheaven","attempt":1,"status":"pending","proxy":true}
{"timestamp":"2026-08-08T05:55:28.795Z","level":"INFO","category":"general","message":"[streamingHttp] → GET https://ck.animeheaven.me/video.vtt?c5fe97dc4862635ffd63a5dc495a26f3&e8d1dc758a43f501f6e48b79802570f2&error2"}
{"timestamp":"2026-08-08T05:55:29.360Z","level":"INFO","category":"stream","message":"get https://ct.animeheaven.me/subtitles/730376c20de881ed8023d011bf8a86f1.srt","provider":"animeheaven","attempt":1,"status":"pending","proxy":true}
{"timestamp":"2026-08-08T05:55:29.360Z","level":"INFO","category":"general","message":"[streamingHttp] → GET https://ct.animeheaven.me/subtitles/730376c20de881ed8023d011bf8a86f1.srt"}
{"timestamp":"2026-08-08T05:55:31.865Z","level":"INFO","category":"stream","message":"get https://ck.animeheaven.me/subtitles.srt?c5fe97dc4862635ffd63a5dc495a26f3&e8d1dc758a43f501f6e48b79802570f2&error2","provider":"animeheaven","attempt":1,"status":"pending","proxy":true}
{"timestamp":"2026-08-08T05:55:31.866Z","level":"INFO","category":"general","message":"[streamingHttp] → GET https://ck.animeheaven.me/subtitles.srt?c5fe97dc4862635ffd63a5dc495a26f3&e8d1dc758a43f501f6e48b79802570f2&error2"}
{"timestamp":"2026-08-08T05:55:32.635Z","level":"INFO","category":"stream","message":"get https://ct.animeheaven.me/subtitle/730376c20de881ed8023d011bf8a86f1.srt","provider":"animeheaven","attempt":1,"status":"pending","proxy":true}
{"timestamp":"2026-08-08T05:55:32.636Z","level":"INFO","category":"general","message":"[streamingHttp] → GET https://ct.animeheaven.me/subtitle/730376c20de881ed8023d011bf8a86f1.srt"}
{"timestamp":"2026-08-08T05:55:35.116Z","level":"INFO","category":"stream","message":"get https://ck.animeheaven.me/subtitle.srt?c5fe97dc4862635ffd63a5dc495a26f3&e8d1dc758a43f501f6e48b79802570f2&error2","provider":"animeheaven","attempt":1,"status":"pending","proxy":true}
{"timestamp":"2026-08-08T05:55:35.116Z","level":"INFO","category":"general","message":"[streamingHttp] → GET https://ck.animeheaven.me/subtitle.srt?c5fe97dc4862635ffd63a5dc495a26f3&e8d1dc758a43f501f6e48b79802570f2&error2"}
{"timestamp":"2026-08-08T05:55:36.075Z","level":"INFO","category":"stream","message":"get https://ct.animeheaven.me/captions/730376c20de881ed8023d011bf8a86f1.srt","provider":"animeheaven","attempt":1,"status":"pending","proxy":true}
{"timestamp":"2026-08-08T05:55:36.075Z","level":"INFO","category":"general","message":"[streamingHttp] → GET https://ct.animeheaven.me/captions/730376c20de881ed8023d011bf8a86f1.srt"}
{"timestamp":"2026-08-08T05:55:39.310Z","level":"INFO","category":"general","message":"[AnimeHeaven] Stream extracted","title":"Jujutsu Kaisen","episode":"1","sources":4}
{"timestamp":"2026-08-08T05:55:39.310Z","level":"INFO","category":"general","message":"[ProviderMonitor]","event":"provider_request","provider":"animeheaven","at":"2026-08-08T05:55:39.310Z","method":"extractStreams","success":true,"latencyMs":156657,"activeRequests":1,"cacheCandidateSeenBefore":false,"cacheHitCount":0,"totalRequests":10}
{"timestamp":"2026-08-08T05:55:39.311Z","level":"INFO","category":"stream","message":"✅ animeheaven | \"Jujutsu Kaisen\" Ep 1 → success (156659ms)","provider":"animeheaven","anime":"Jujutsu Kaisen","episode":"1","attempt":1,"result":"success","httpStatus":0,"timedOut":false,"cloudflareDetected":false,"searchSuccess":true,"streamSuccess":true,"sources":4,"startTime":"2026-08-08T05:53:02.652Z","endTime":"2026-08-08T05:55:39.311Z","latencyMs":156659}
{"timestamp":"2026-08-08T05:55:39.311Z","level":"INFO","category":"stream","message":"✅ animeheaven | \"Jujutsu Kaisen\" Ep 1 → failure (158222ms): no playable stream found","provider":"animeheaven","anime":"Jujutsu Kaisen","episode":"1","result":"failure","failureReason":"no playable stream found","httpStatus":0,"timedOut":false,"cloudflareDetected":false,"startTime":"2026-08-08T05:53:01.089Z","endTime":"2026-08-08T05:55:39.311Z","latencyMs":158222}
{"timestamp":"2026-08-08T05:55:39.723Z","level":"INFO","category":"stream","message":"get https://ck.animeheaven.me/subtitles/c5fe97dc4862635ffd63a5dc495a26f3.vtt","provider":"animeheaven","attempt":1,"status":"pending","proxy":true}
{"timestamp":"2026-08-08T05:55:39.724Z","level":"INFO","category":"general","message":"[streamingHttp] → GET https://ck.animeheaven.me/subtitles/c5fe97dc4862635ffd63a5dc495a26f3.vtt"}
{"timestamp":"2026-08-08T05:55:42.928Z","level":"INFO","category":"stream","message":"get https://ck.animeheaven.me/subtitle/c5fe97dc4862635ffd63a5dc495a26f3.vtt","provider":"animeheaven","attempt":1,"status":"pending","proxy":true}
{"timestamp":"2026-08-08T05:55:42.928Z","level":"INFO","category":"general","message":"[streamingHttp] → GET https://ck.animeheaven.me/subtitle/c5fe97dc4862635ffd63a5dc495a26f3.vtt"}
{"timestamp":"2026-08-08T05:55:47.382Z","level":"INFO","category":"stream","message":"get https://ck.animeheaven.me/captions/c5fe97dc4862635ffd63a5dc495a26f3.vtt","provider":"animeheaven","attempt":1,"status":"pending","proxy":true}
{"timestamp":"2026-08-08T05:55:47.382Z","level":"INFO","category":"general","message":"[streamingHttp] → GET https://ck.animeheaven.me/captions/c5fe97dc4862635ffd63a5dc495a26f3.vtt"}
{"timestamp":"2026-08-08T05:55:50.077Z","level":"INFO","category":"stream","message":"get https://ck.animeheaven.me/subtitles/c5fe97dc4862635ffd63a5dc495a26f3.srt","provider":"animeheaven","attempt":1,"status":"pending","proxy":true}
{"timestamp":"2026-08-08T05:55:50.078Z","level":"INFO","category":"general","message":"[streamingHttp] → GET https://ck.animeheaven.me/subtitles/c5fe97dc4862635ffd63a5dc495a26f3.srt"}
{"timestamp":"2026-08-08T05:55:54.343Z","level":"INFO","category":"stream","message":"get https://ck.animeheaven.me/subtitle/c5fe97dc4862635ffd63a5dc495a26f3.srt","provider":"animeheaven","attempt":1,"status":"pending","proxy":true}
{"timestamp":"2026-08-08T05:55:54.343Z","level":"INFO","category":"general","message":"[streamingHttp] → GET https://ck.animeheaven.me/subtitle/c5fe97dc4862635ffd63a5dc495a26f3.srt"}
{"timestamp":"2026-08-08T05:55:56.873Z","level":"INFO","category":"stream","message":"get https://ck.animeheaven.me/captions/c5fe97dc4862635ffd63a5dc495a26f3.srt","provider":"animeheaven","attempt":1,"status":"pending","proxy":true}
{"timestamp":"2026-08-08T05:55:56.873Z","level":"INFO","category":"general","message":"[streamingHttp] → GET https://ck.animeheaven.me/captions/c5fe97dc4862635ffd63a5dc495a26f3.srt"}
{"timestamp":"2026-08-08T05:56:01.116Z","level":"INFO","category":"stream","message":"get https://ct.animeheaven.me/subtitles.vtt?c5fe97dc4862635ffd63a5dc495a26f3&e8d1dc758a43f501f6e48b79802570f2&error","provider":"animeheaven","attempt":1,"status":"pending","proxy":true}
{"timestamp":"2026-08-08T05:56:01.117Z","level":"INFO","category":"general","message":"[streamingHttp] → GET https://ct.animeheaven.me/subtitles.vtt?c5fe97dc4862635ffd63a5dc495a26f3&e8d1dc758a43f501f6e48b79802570f2&error"}
{"timestamp":"2026-08-08T05:56:05.114Z","level":"INFO","category":"stream","message":"get https://ct.animeheaven.me/caption.vtt?c5fe97dc4862635ffd63a5dc495a26f3&e8d1dc758a43f501f6e48b79802570f2&error","provider":"animeheaven","attempt":1,"status":"pending","proxy":true}
{"timestamp":"2026-08-08T05:56:05.114Z","level":"INFO","category":"general","message":"[streamingHttp] → GET https://ct.animeheaven.me/caption.vtt?c5fe97dc4862635ffd63a5dc495a26f3&e8d1dc758a43f501f6e48b79802570f2&error"}
{"timestamp":"2026-08-08T05:56:10.459Z","level":"INFO","category":"stream","message":"get https://ct.animeheaven.me/subtitle.vtt?c5fe97dc4862635ffd63a5dc495a26f3&e8d1dc758a43f501f6e48b79802570f2&error","provider":"animeheaven","attempt":1,"status":"pending","proxy":true}
{"timestamp":"2026-08-08T05:56:10.459Z","level":"INFO","category":"general","message":"[streamingHttp] → GET https://ct.animeheaven.me/subtitle.vtt?c5fe97dc4862635ffd63a5dc495a26f3&e8d1dc758a43f501f6e48b79802570f2&error"}
{"timestamp":"2026-08-08T05:56:12.930Z","level":"INFO","category":"stream","message":"get https://ct.animeheaven.me/video.vtt?c5fe97dc4862635ffd63a5dc495a26f3&e8d1dc758a43f501f6e48b79802570f2&error","provider":"animeheaven","attempt":1,"status":"pending","proxy":true}
{"timestamp":"2026-08-08T05:56:12.930Z","level":"INFO","category":"general","message":"[streamingHttp] → GET https://ct.animeheaven.me/video.vtt?c5fe97dc4862635ffd63a5dc495a26f3&e8d1dc758a43f501f6e48b79802570f2&error"}
{"timestamp":"2026-08-08T05:56:16.746Z","level":"INFO","category":"stream","message":"get https://ct.animeheaven.me/subtitles.srt?c5fe97dc4862635ffd63a5dc495a26f3&e8d1dc758a43f501f6e48b79802570f2&error","provider":"animeheaven","attempt":1,"status":"pending","proxy":true}
{"timestamp":"2026-08-08T05:56:16.746Z","level":"INFO","category":"general","message":"[streamingHttp] → GET https://ct.animeheaven.me/subtitles.srt?c5fe97dc4862635ffd63a5dc495a26f3&e8d1dc758a43f501f6e48b79802570f2&error"}
{"timestamp":"2026-08-08T05:56:19.560Z","level":"INFO","category":"stream","message":"get https://ct.animeheaven.me/subtitle.srt?c5fe97dc4862635ffd63a5dc495a26f3&e8d1dc758a43f501f6e48b79802570f2&error","provider":"animeheaven","attempt":1,"status":"pending","proxy":true}
{"timestamp":"2026-08-08T05:56:19.560Z","level":"INFO","category":"general","message":"[streamingHttp] → GET https://ct.animeheaven.me/subtitle.srt?c5fe97dc4862635ffd63a5dc495a26f3&e8d1dc758a43f501f6e48b79802570f2&error"}
{"timestamp":"2026-08-08T05:56:22.248Z","level":"INFO","category":"stream","message":"get https://ct.animeheaven.me/subtitles/c5fe97dc4862635ffd63a5dc495a26f3.vtt","provider":"animeheaven","attempt":1,"status":"pending","proxy":true}
{"timestamp":"2026-08-08T05:56:22.248Z","level":"INFO","category":"general","message":"[streamingHttp] → GET https://ct.animeheaven.me/subtitles/c5fe97dc4862635ffd63a5dc495a26f3.vtt"}
{"timestamp":"2026-08-08T05:56:26.524Z","level":"INFO","category":"stream","message":"get https://ct.animeheaven.me/subtitle/c5fe97dc4862635ffd63a5dc495a26f3.vtt","provider":"animeheaven","attempt":1,"status":"pending","proxy":true}
{"timestamp":"2026-08-08T05:56:26.524Z","level":"INFO","category":"general","message":"[streamingHttp] → GET https://ct.animeheaven.me/subtitle/c5fe97dc4862635ffd63a5dc495a26f3.vtt"}
{"timestamp":"2026-08-08T05:56:30.148Z","level":"INFO","category":"stream","message":"get https://ct.animeheaven.me/captions/c5fe97dc4862635ffd63a5dc495a26f3.vtt","provider":"animeheaven","attempt":1,"status":"pending","proxy":true}
{"timestamp":"2026-08-08T05:56:30.149Z","level":"INFO","category":"general","message":"[streamingHttp] → GET https://ct.animeheaven.me/captions/c5fe97dc4862635ffd63a5dc495a26f3.vtt"}
{"timestamp":"2026-08-08T05:56:33.682Z","level":"INFO","category":"stream","message":"get https://ct.animeheaven.me/subtitles/c5fe97dc4862635ffd63a5dc495a26f3.srt","provider":"animeheaven","attempt":1,"status":"pending","proxy":true}
{"timestamp":"2026-08-08T05:56:33.682Z","level":"INFO","category":"general","message":"[streamingHttp] → GET https://ct.animeheaven.me/subtitles/c5fe97dc4862635ffd63a5dc495a26f3.srt"}
{"timestamp":"2026-08-08T05:56:36.982Z","level":"INFO","category":"stream","message":"get https://ct.animeheaven.me/subtitle/c5fe97dc4862635ffd63a5dc495a26f3.srt","provider":"animeheaven","attempt":1,"status":"pending","proxy":true}
{"timestamp":"2026-08-08T05:56:36.982Z","level":"INFO","category":"general","message":"[streamingHttp] → GET https://ct.animeheaven.me/subtitle/c5fe97dc4862635ffd63a5dc495a26f3.srt"}
{"timestamp":"2026-08-08T05:56:40.618Z","level":"INFO","category":"stream","message":"get https://ct.animeheaven.me/captions/c5fe97dc4862635ffd63a5dc495a26f3.srt","provider":"animeheaven","attempt":1,"status":"pending","proxy":true}
{"timestamp":"2026-08-08T05:56:40.619Z","level":"INFO","category":"general","message":"[streamingHttp] → GET https://ct.animeheaven.me/captions/c5fe97dc4862635ffd63a5dc495a26f3.srt"}
{"timestamp":"2026-08-08T05:56:44.260Z","level":"INFO","category":"general","message":"[AnimeHeaven] Stream extracted","title":"Naruto","episode":"1","sources":4}
{"timestamp":"2026-08-08T05:56:44.261Z","level":"INFO","category":"general","message":"[ProviderMonitor]","event":"provider_request","provider":"animeheaven","at":"2026-08-08T05:56:44.261Z","method":"extractStreams","success":true,"latencyMs":104868,"activeRequests":0,"cacheCandidateSeenBefore":false,"cacheHitCount":0,"totalRequests":10}
{"timestamp":"2026-08-08T05:56:44.261Z","level":"INFO","category":"stream","message":"✅ animeheaven | \"Naruto\" Ep 1 → success (104869ms)","provider":"animeheaven","anime":"Naruto","episode":"1","attempt":1,"result":"success","httpStatus":0,"timedOut":false,"cloudflareDetected":false,"searchSuccess":true,"streamSuccess":true,"sources":4,"startTime":"2026-08-08T05:54:59.392Z","endTime":"2026-08-08T05:56:44.261Z","latencyMs":104869}
{"timestamp":"2026-08-08T05:56:44.261Z","level":"INFO","category":"stream","message":"✅ animeheaven | \"Naruto\" Ep 1 → failure (105517ms): no playable stream found","provider":"animeheaven","anime":"Naruto","episode":"1","result":"failure","failureReason":"no playable stream found","httpStatus":0,"timedOut":false,"cloudflareDetected":false,"startTime":"2026-08-08T05:54:58.744Z","endTime":"2026-08-08T05:56:44.261Z","latencyMs":105517}
{"timestamp":"2026-08-08T05:56:45.971Z","level":"INFO","category":"general","message":"[AnimeHeaven] Search started","query":"Naruto"}
{"timestamp":"2026-08-08T05:56:46.048Z","level":"INFO","category":"stream","message":"get https://animeheaven.me/","provider":"animeheaven","attempt":1,"status":"pending","proxy":true}
{"timestamp":"2026-08-08T05:56:46.049Z","level":"INFO","category":"general","message":"[streamingHttp] → GET https://animeheaven.me/"}
{"timestamp":"2026-08-08T05:56:48.652Z","level":"INFO","category":"general","message":"[streamingHttp] ← 200 https://animeheaven.me/ (2603ms)"}
{"timestamp":"2026-08-08T05:56:48.653Z","level":"INFO","category":"stream","message":"✅ animeheaven resolved (2604ms)","provider":"animeheaven","attempt":1,"duration":2604,"status":200,"result":"success","timedOut":false,"cloudflareDetected":false}
{"timestamp":"2026-08-08T05:56:48.735Z","level":"INFO","category":"general","message":"[AnimeHeaven] Search success","query":"Naruto","count":8,"latencyMs":2763}
{"timestamp":"2026-08-08T05:56:48.736Z","level":"INFO","category":"general","message":"[ProviderMonitor]","event":"provider_request","provider":"animeheaven","at":"2026-08-08T05:56:48.736Z","method":"searchAnime","success":true,"latencyMs":2765,"activeRequests":3,"cacheCandidateSeenBefore":false,"cacheHitCount":0,"totalRequests":14}
{"timestamp":"2026-08-08T05:56:48.750Z","level":"INFO","category":"general","message":"[ProviderMonitor]","event":"provider_request","provider":"animeheaven","at":"2026-08-08T05:56:48.750Z","method":"getAnimeDetails","success":true,"latencyMs":13,"activeRequests":3,"cacheCandidateSeenBefore":true,"cacheHitCount":1,"totalRequests":15}
{"timestamp":"2026-08-08T05:56:48.751Z","level":"INFO","category":"stream","message":"get https://animeheaven.me/gate.php","provider":"animeheaven","attempt":1,"status":"pending","proxy":true}
{"timestamp":"2026-08-08T05:56:48.751Z","level":"INFO","category":"general","message":"[streamingHttp] → GET https://animeheaven.me/gate.php"}
{"timestamp":"2026-08-08T05:56:53.594Z","level":"INFO","category":"general","message":"[streamingHttp] ← 200 https://animeheaven.me/gate.php (4843ms)"}
{"timestamp":"2026-08-08T05:56:53.595Z","level":"INFO","category":"stream","message":"✅ animeheaven resolved (4844ms)","provider":"animeheaven","attempt":1,"duration":4844,"status":200,"result":"success","timedOut":false,"cloudflareDetected":false}
{"timestamp":"2026-08-08T05:56:53.596Z","level":"INFO","category":"general","message":"[AnimeHeaven] Episode resolved","anime":"Naruto","episode":2,"hasHtml":true}
{"timestamp":"2026-08-08T05:56:53.596Z","level":"INFO","category":"general","message":"[ProviderMonitor]","event":"provider_request","provider":"animeheaven","at":"2026-08-08T05:56:53.596Z","method":"resolveEpisode","success":true,"latencyMs":7626,"activeRequests":2,"cacheCandidateSeenBefore":false,"cacheHitCount":1,"totalRequests":15}
{"timestamp":"2026-08-08T05:56:53.601Z","level":"INFO","category":"general","message":"[AnimeHeaven] Player resolved","episode":2,"sources":4}
{"timestamp":"2026-08-08T05:56:53.601Z","level":"INFO","category":"general","message":"[ProviderMonitor]","event":"provider_request","provider":"animeheaven","at":"2026-08-08T05:56:53.601Z","method":"resolvePlayer","success":true,"latencyMs":7631,"activeRequests":1,"cacheCandidateSeenBefore":false,"cacheHitCount":1,"totalRequests":15}
{"timestamp":"2026-08-08T05:56:53.604Z","level":"INFO","category":"stream","message":"get https://ck.animeheaven.me/subtitles.vtt?54faffacd5961ff777ae0489bef65a65&f774365799bef5d6dd997ce75e32f70e&error2","provider":"animeheaven","attempt":1,"status":"pending","proxy":true}
{"timestamp":"2026-08-08T05:56:53.605Z","level":"INFO","category":"general","message":"[streamingHttp] → GET https://ck.animeheaven.me/subtitles.vtt?54faffacd5961ff777ae0489bef65a65&f774365799bef5d6dd997ce75e32f70e&error2"}
{"timestamp":"2026-08-08T05:56:56.671Z","level":"INFO","category":"stream","message":"get https://ck.animeheaven.me/caption.vtt?54faffacd5961ff777ae0489bef65a65&f774365799bef5d6dd997ce75e32f70e&error2","provider":"animeheaven","attempt":1,"status":"pending","proxy":true}
{"timestamp":"2026-08-08T05:56:56.671Z","level":"INFO","category":"general","message":"[streamingHttp] → GET https://ck.animeheaven.me/caption.vtt?54faffacd5961ff777ae0489bef65a65&f774365799bef5d6dd997ce75e32f70e&error2"}
{"timestamp":"2026-08-08T05:56:59.820Z","level":"INFO","category":"stream","message":"get https://ck.animeheaven.me/subtitle.vtt?54faffacd5961ff777ae0489bef65a65&f774365799bef5d6dd997ce75e32f70e&error2","provider":"animeheaven","attempt":1,"status":"pending","proxy":true}
{"timestamp":"2026-08-08T05:56:59.821Z","level":"INFO","category":"general","message":"[streamingHttp] → GET https://ck.animeheaven.me/subtitle.vtt?54faffacd5961ff777ae0489bef65a65&f774365799bef5d6dd997ce75e32f70e&error2"}
{"timestamp":"2026-08-08T05:57:03.357Z","level":"INFO","category":"stream","message":"get https://ck.animeheaven.me/video.vtt?54faffacd5961ff777ae0489bef65a65&f774365799bef5d6dd997ce75e32f70e&error2","provider":"animeheaven","attempt":1,"status":"pending","proxy":true}
{"timestamp":"2026-08-08T05:57:03.357Z","level":"INFO","category":"general","message":"[streamingHttp] → GET https://ck.animeheaven.me/video.vtt?54faffacd5961ff777ae0489bef65a65&f774365799bef5d6dd997ce75e32f70e&error2"}
{"timestamp":"2026-08-08T05:57:07.393Z","level":"INFO","category":"stream","message":"get https://ck.animeheaven.me/subtitles.srt?54faffacd5961ff777ae0489bef65a65&f774365799bef5d6dd997ce75e32f70e&error2","provider":"animeheaven","attempt":1,"status":"pending","proxy":true}
{"timestamp":"2026-08-08T05:57:07.393Z","level":"INFO","category":"general","message":"[streamingHttp] → GET https://ck.animeheaven.me/subtitles.srt?54faffacd5961ff777ae0489bef65a65&f774365799bef5d6dd997ce75e32f70e&error2"}
{"timestamp":"2026-08-08T05:57:10.669Z","level":"INFO","category":"stream","message":"get https://ck.animeheaven.me/subtitle.srt?54faffacd5961ff777ae0489bef65a65&f774365799bef5d6dd997ce75e32f70e&error2","provider":"animeheaven","attempt":1,"status":"pending","proxy":true}
{"timestamp":"2026-08-08T05:57:10.670Z","level":"INFO","category":"general","message":"[streamingHttp] → GET https://ck.animeheaven.me/subtitle.srt?54faffacd5961ff777ae0489bef65a65&f774365799bef5d6dd997ce75e32f70e&error2"}
{"timestamp":"2026-08-08T05:57:13.698Z","level":"INFO","category":"stream","message":"get https://ck.animeheaven.me/subtitles/54faffacd5961ff777ae0489bef65a65.vtt","provider":"animeheaven","attempt":1,"status":"pending","proxy":true}
{"timestamp":"2026-08-08T05:57:13.698Z","level":"INFO","category":"general","message":"[streamingHttp] → GET https://ck.animeheaven.me/subtitles/54faffacd5961ff777ae0489bef65a65.vtt"}
{"timestamp":"2026-08-08T05:57:16.083Z","level":"INFO","category":"stream","message":"get https://ck.animeheaven.me/subtitle/54faffacd5961ff777ae0489bef65a65.vtt","provider":"animeheaven","attempt":1,"status":"pending","proxy":true}
{"timestamp":"2026-08-08T05:57:16.083Z","level":"INFO","category":"general","message":"[streamingHttp] → GET https://ck.animeheaven.me/subtitle/54faffacd5961ff777ae0489bef65a65.vtt"}
{"timestamp":"2026-08-08T05:57:19.133Z","level":"INFO","category":"stream","message":"get https://ck.animeheaven.me/captions/54faffacd5961ff777ae0489bef65a65.vtt","provider":"animeheaven","attempt":1,"status":"pending","proxy":true}
{"timestamp":"2026-08-08T05:57:19.134Z","level":"INFO","category":"general","message":"[streamingHttp] → GET https://ck.animeheaven.me/captions/54faffacd5961ff777ae0489bef65a65.vtt"}
{"timestamp":"2026-08-08T05:57:23.576Z","level":"INFO","category":"stream","message":"get https://ck.animeheaven.me/subtitles/54faffacd5961ff777ae0489bef65a65.srt","provider":"animeheaven","attempt":1,"status":"pending","proxy":true}
{"timestamp":"2026-08-08T05:57:23.577Z","level":"INFO","category":"general","message":"[streamingHttp] → GET https://ck.animeheaven.me/subtitles/54faffacd5961ff777ae0489bef65a65.srt"}
{"timestamp":"2026-08-08T05:57:26.333Z","level":"INFO","category":"stream","message":"get https://ck.animeheaven.me/subtitle/54faffacd5961ff777ae0489bef65a65.srt","provider":"animeheaven","attempt":1,"status":"pending","proxy":true}
{"timestamp":"2026-08-08T05:57:26.334Z","level":"INFO","category":"general","message":"[streamingHttp] → GET https://ck.animeheaven.me/subtitle/54faffacd5961ff777ae0489bef65a65.srt"}
{"timestamp":"2026-08-08T05:57:29.082Z","level":"INFO","category":"stream","message":"get https://ck.animeheaven.me/captions/54faffacd5961ff777ae0489bef65a65.srt","provider":"animeheaven","attempt":1,"status":"pending","proxy":true}
{"timestamp":"2026-08-08T05:57:29.083Z","level":"INFO","category":"general","message":"[streamingHttp] → GET https://ck.animeheaven.me/captions/54faffacd5961ff777ae0489bef65a65.srt"}
{"timestamp":"2026-08-08T05:57:32.662Z","level":"INFO","category":"stream","message":"get https://ct.animeheaven.me/subtitles.vtt?54faffacd5961ff777ae0489bef65a65&f774365799bef5d6dd997ce75e32f70e&error","provider":"animeheaven","attempt":1,"status":"pending","proxy":true}
{"timestamp":"2026-08-08T05:57:32.663Z","level":"INFO","category":"general","message":"[streamingHttp] → GET https://ct.animeheaven.me/subtitles.vtt?54faffacd5961ff777ae0489bef65a65&f774365799bef5d6dd997ce75e32f70e&error"}
{"timestamp":"2026-08-08T05:57:36.953Z","level":"INFO","category":"stream","message":"get https://ct.animeheaven.me/caption.vtt?54faffacd5961ff777ae0489bef65a65&f774365799bef5d6dd997ce75e32f70e&error","provider":"animeheaven","attempt":1,"status":"pending","proxy":true}
{"timestamp":"2026-08-08T05:57:36.955Z","level":"INFO","category":"general","message":"[streamingHttp] → GET https://ct.animeheaven.me/caption.vtt?54faffacd5961ff777ae0489bef65a65&f774365799bef5d6dd997ce75e32f70e&error"}
{"timestamp":"2026-08-08T05:57:39.950Z","level":"INFO","category":"stream","message":"get https://ct.animeheaven.me/subtitle.vtt?54faffacd5961ff777ae0489bef65a65&f774365799bef5d6dd997ce75e32f70e&error","provider":"animeheaven","attempt":1,"status":"pending","proxy":true}
{"timestamp":"2026-08-08T05:57:39.951Z","level":"INFO","category":"general","message":"[streamingHttp] → GET https://ct.animeheaven.me/subtitle.vtt?54faffacd5961ff777ae0489bef65a65&f774365799bef5d6dd997ce75e32f70e&error"}
{"timestamp":"2026-08-08T05:57:43.538Z","level":"INFO","category":"stream","message":"get https://ct.animeheaven.me/video.vtt?54faffacd5961ff777ae0489bef65a65&f774365799bef5d6dd997ce75e32f70e&error","provider":"animeheaven","attempt":1,"status":"pending","proxy":true}
{"timestamp":"2026-08-08T05:57:43.539Z","level":"INFO","category":"general","message":"[streamingHttp] → GET https://ct.animeheaven.me/video.vtt?54faffacd5961ff777ae0489bef65a65&f774365799bef5d6dd997ce75e32f70e&error"}
{"timestamp":"2026-08-08T05:57:46.765Z","level":"INFO","category":"stream","message":"get https://ct.animeheaven.me/subtitles.srt?54faffacd5961ff777ae0489bef65a65&f774365799bef5d6dd997ce75e32f70e&error","provider":"animeheaven","attempt":1,"status":"pending","proxy":true}
{"timestamp":"2026-08-08T05:57:46.765Z","level":"INFO","category":"general","message":"[streamingHttp] → GET https://ct.animeheaven.me/subtitles.srt?54faffacd5961ff777ae0489bef65a65&f774365799bef5d6dd997ce75e32f70e&error"}
{"timestamp":"2026-08-08T05:57:54.042Z","level":"INFO","category":"stream","message":"get https://ct.animeheaven.me/subtitle.srt?54faffacd5961ff777ae0489bef65a65&f774365799bef5d6dd997ce75e32f70e&error","provider":"animeheaven","attempt":1,"status":"pending","proxy":true}
{"timestamp":"2026-08-08T05:57:54.043Z","level":"INFO","category":"general","message":"[streamingHttp] → GET https://ct.animeheaven.me/subtitle.srt?54faffacd5961ff777ae0489bef65a65&f774365799bef5d6dd997ce75e32f70e&error"}
{"timestamp":"2026-08-08T05:57:57.423Z","level":"INFO","category":"stream","message":"get https://ct.animeheaven.me/subtitles/54faffacd5961ff777ae0489bef65a65.vtt","provider":"animeheaven","attempt":1,"status":"pending","proxy":true}
{"timestamp":"2026-08-08T05:57:57.424Z","level":"INFO","category":"general","message":"[streamingHttp] → GET https://ct.animeheaven.me/subtitles/54faffacd5961ff777ae0489bef65a65.vtt"}
{"timestamp":"2026-08-08T05:58:00.606Z","level":"INFO","category":"stream","message":"get https://ct.animeheaven.me/subtitle/54faffacd5961ff777ae0489bef65a65.vtt","provider":"animeheaven","attempt":1,"status":"pending","proxy":true}
{"timestamp":"2026-08-08T05:58:00.606Z","level":"INFO","category":"general","message":"[streamingHttp] → GET https://ct.animeheaven.me/subtitle/54faffacd5961ff777ae0489bef65a65.vtt"}
{"timestamp":"2026-08-08T05:58:03.450Z","level":"INFO","category":"stream","message":"get https://ct.animeheaven.me/captions/54faffacd5961ff777ae0489bef65a65.vtt","provider":"animeheaven","attempt":1,"status":"pending","proxy":true}
{"timestamp":"2026-08-08T05:58:03.450Z","level":"INFO","category":"general","message":"[streamingHttp] → GET https://ct.animeheaven.me/captions/54faffacd5961ff777ae0489bef65a65.vtt"}
{"timestamp":"2026-08-08T05:58:07.692Z","level":"INFO","category":"stream","message":"get https://ct.animeheaven.me/subtitles/54faffacd5961ff777ae0489bef65a65.srt","provider":"animeheaven","attempt":1,"status":"pending","proxy":true}
{"timestamp":"2026-08-08T05:58:07.692Z","level":"INFO","category":"general","message":"[streamingHttp] → GET https://ct.animeheaven.me/subtitles/54faffacd5961ff777ae0489bef65a65.srt"}
{"timestamp":"2026-08-08T05:58:12.675Z","level":"INFO","category":"stream","message":"get https://ct.animeheaven.me/subtitle/54faffacd5961ff777ae0489bef65a65.srt","provider":"animeheaven","attempt":1,"status":"pending","proxy":true}
{"timestamp":"2026-08-08T05:58:12.675Z","level":"INFO","category":"general","message":"[streamingHttp] → GET https://ct.animeheaven.me/subtitle/54faffacd5961ff777ae0489bef65a65.srt"}
{"timestamp":"2026-08-08T05:58:15.752Z","level":"INFO","category":"stream","message":"get https://ct.animeheaven.me/captions/54faffacd5961ff777ae0489bef65a65.srt","provider":"animeheaven","attempt":1,"status":"pending","proxy":true}
{"timestamp":"2026-08-08T05:58:15.754Z","level":"INFO","category":"general","message":"[streamingHttp] → GET https://ct.animeheaven.me/captions/54faffacd5961ff777ae0489bef65a65.srt"}
{"timestamp":"2026-08-08T05:58:18.771Z","level":"INFO","category":"general","message":"[AnimeHeaven] Stream extracted","title":"Naruto","episode":"2","sources":4}
{"timestamp":"2026-08-08T05:58:18.772Z","level":"INFO","category":"general","message":"[ProviderMonitor]","event":"provider_request","provider":"animeheaven","at":"2026-08-08T05:58:18.772Z","method":"extractStreams","success":true,"latencyMs":92802,"activeRequests":0,"cacheCandidateSeenBefore":false,"cacheHitCount":1,"totalRequests":15}
{"timestamp":"2026-08-08T05:58:18.772Z","level":"INFO","category":"stream","message":"✅ animeheaven | \"Naruto\" Ep 2 → success (92802ms)","provider":"animeheaven","anime":"Naruto","episode":"2","attempt":1,"result":"success","httpStatus":0,"timedOut":false,"cloudflareDetected":false,"searchSuccess":true,"streamSuccess":true,"sources":4,"startTime":"2026-08-08T05:56:45.970Z","endTime":"2026-08-08T05:58:18.772Z","latencyMs":92802}
{"timestamp":"2026-08-08T05:58:18.773Z","level":"INFO","category":"stream","message":"✅ animeheaven | \"Naruto\" Ep 2 → failure (93453ms): no playable stream found","provider":"animeheaven","anime":"Naruto","episode":"2","result":"failure","failureReason":"no playable stream found","httpStatus":0,"timedOut":false,"cloudflareDetected":false,"startTime":"2026-08-08T05:56:45.320Z","endTime":"2026-08-08T05:58:18.773Z","latencyMs":93453}
{"timestamp":"2026-08-08T05:58:20.730Z","level":"INFO","category":"general","message":"[AnimeHeaven] Search started","query":"Naruto"}
{"timestamp":"2026-08-08T05:58:20.731Z","level":"INFO","category":"stream","message":"get https://animeheaven.me/fastsearch.php?xhr=1&s=Naruto","provider":"animeheaven","attempt":1,"status":"pending","proxy":true}
{"timestamp":"2026-08-08T05:58:20.732Z","level":"INFO","category":"general","message":"[streamingHttp] → GET https://animeheaven.me/fastsearch.php?xhr=1&s=Naruto"}
{"timestamp":"2026-08-08T05:58:24.118Z","level":"INFO","category":"general","message":"[streamingHttp] ← 200 https://animeheaven.me/fastsearch.php?xhr=1&s=Naruto (3386ms)"}
{"timestamp":"2026-08-08T05:58:24.119Z","level":"INFO","category":"stream","message":"✅ animeheaven resolved (3388ms)","provider":"animeheaven","attempt":1,"duration":3388,"status":200,"result":"success","timedOut":false,"cloudflareDetected":false}
{"timestamp":"2026-08-08T05:58:24.122Z","level":"INFO","category":"stream","message":"get https://animeheaven.me/search.php?s=Naruto","provider":"animeheaven","attempt":1,"status":"pending","proxy":true}
{"timestamp":"2026-08-08T05:58:24.123Z","level":"INFO","category":"general","message":"[streamingHttp] → GET https://animeheaven.me/search.php?s=Naruto"}
{"timestamp":"2026-08-08T05:58:26.780Z","level":"INFO","category":"general","message":"[streamingHttp] ← 200 https://animeheaven.me/search.php?s=Naruto (2657ms)"}
{"timestamp":"2026-08-08T05:58:26.781Z","level":"INFO","category":"stream","message":"✅ animeheaven resolved (2659ms)","provider":"animeheaven","attempt":1,"duration":2659,"status":200,"result":"success","timedOut":false,"cloudflareDetected":false}
{"timestamp":"2026-08-08T05:58:26.783Z","level":"INFO","category":"stream","message":"get https://animeheaven.me/?s=Naruto","provider":"animeheaven","attempt":1,"status":"pending","proxy":true}
{"timestamp":"2026-08-08T05:58:26.783Z","level":"INFO","category":"general","message":"[streamingHttp] → GET https://animeheaven.me/?s=Naruto"}
{"timestamp":"2026-08-08T05:58:30.124Z","level":"INFO","category":"general","message":"[streamingHttp] ← 200 https://animeheaven.me/?s=Naruto (3341ms)"}
{"timestamp":"2026-08-08T05:58:30.125Z","level":"INFO","category":"stream","message":"✅ animeheaven resolved (3342ms)","provider":"animeheaven","attempt":1,"duration":3342,"status":200,"result":"success","timedOut":false,"cloudflareDetected":false}
{"timestamp":"2026-08-08T05:58:30.274Z","level":"INFO","category":"general","message":"[AnimeHeaven] Search success","query":"Naruto","count":8,"latencyMs":9543}
{"timestamp":"2026-08-08T05:58:30.275Z","level":"INFO","category":"general","message":"[ProviderMonitor]","event":"provider_request","provider":"animeheaven","at":"2026-08-08T05:58:30.275Z","method":"searchAnime","success":true,"latencyMs":9545,"activeRequests":3,"cacheCandidateSeenBefore":true,"cacheHitCount":1,"totalRequests":19}
{"timestamp":"2026-08-08T05:58:30.276Z","level":"INFO","category":"stream","message":"get https://animeheaven.me/anime.php?ukr6y","provider":"animeheaven","attempt":1,"status":"pending","proxy":true}
{"timestamp":"2026-08-08T05:58:30.276Z","level":"INFO","category":"general","message":"[streamingHttp] → GET https://animeheaven.me/anime.php?ukr6y"}
{"timestamp":"2026-08-08T05:58:34.375Z","level":"INFO","category":"general","message":"[streamingHttp] ← 200 https://animeheaven.me/anime.php?ukr6y (4099ms)"}
{"timestamp":"2026-08-08T05:58:34.376Z","level":"INFO","category":"stream","message":"✅ animeheaven resolved (4100ms)","provider":"animeheaven","attempt":1,"duration":4100,"status":200,"result":"success","timedOut":false,"cloudflareDetected":false}
{"timestamp":"2026-08-08T05:58:34.396Z","level":"INFO","category":"general","message":"[ProviderMonitor]","event":"provider_request","provider":"animeheaven","at":"2026-08-08T05:58:34.396Z","method":"getAnimeDetails","success":true,"latencyMs":4121,"activeRequests":3,"cacheCandidateSeenBefore":true,"cacheHitCount":1,"totalRequests":20}
{"timestamp":"2026-08-08T05:58:34.396Z","level":"INFO","category":"general","message":"[AnimeHeaven] Episode resolved","anime":"Naruto","episode":2,"hasHtml":true}
{"timestamp":"2026-08-08T05:58:34.396Z","level":"INFO","category":"general","message":"[ProviderMonitor]","event":"provider_request","provider":"animeheaven","at":"2026-08-08T05:58:34.396Z","method":"resolveEpisode","success":true,"latencyMs":13666,"activeRequests":2,"cacheCandidateSeenBefore":true,"cacheHitCount":1,"totalRequests":20}
{"timestamp":"2026-08-08T05:58:34.399Z","level":"INFO","category":"general","message":"[AnimeHeaven] Player resolved","episode":2,"sources":4}
{"timestamp":"2026-08-08T05:58:34.399Z","level":"INFO","category":"general","message":"[ProviderMonitor]","event":"provider_request","provider":"animeheaven","at":"2026-08-08T05:58:34.399Z","method":"resolvePlayer","success":true,"latencyMs":13669,"activeRequests":1,"cacheCandidateSeenBefore":true,"cacheHitCount":1,"totalRequests":20}
{"timestamp":"2026-08-08T05:58:34.401Z","level":"INFO","category":"general","message":"[AnimeHeaven] Stream extracted","title":"Naruto","episode":"2","sources":4}
{"timestamp":"2026-08-08T05:58:34.401Z","level":"INFO","category":"general","message":"[ProviderMonitor]","event":"provider_request","provider":"animeheaven","at":"2026-08-08T05:58:34.401Z","method":"extractStreams","success":true,"latencyMs":13671,"activeRequests":0,"cacheCandidateSeenBefore":true,"cacheHitCount":1,"totalRequests":20}
{"timestamp":"2026-08-08T05:58:34.402Z","level":"INFO","category":"stream","message":"✅ animeheaven | \"Naruto\" Ep 2 → success (13671ms)","provider":"animeheaven","anime":"Naruto","episode":"2","attempt":1,"result":"success","httpStatus":0,"timedOut":false,"cloudflareDetected":false,"searchSuccess":true,"streamSuccess":true,"sources":4,"startTime":"2026-08-08T05:58:20.730Z","endTime":"2026-08-08T05:58:34.401Z","latencyMs":13671}
{"timestamp":"2026-08-08T05:58:34.402Z","level":"INFO","category":"stream","message":"✅ animeheaven | \"Naruto\" Ep 2 → failure (14319ms): no playable stream found","provider":"animeheaven","anime":"Naruto","episode":"2","result":"failure","failureReason":"no playable stream found","httpStatus":0,"timedOut":false,"cloudflareDetected":false,"startTime":"2026-08-08T05:58:20.083Z","endTime":"2026-08-08T05:58:34.402Z","latencyMs":14319}
{"timestamp":"2026-08-08T05:58:36.097Z","level":"INFO","category":"general","message":"[AnimeHeaven] Search started","query":"Naruto"}
{"timestamp":"2026-08-08T05:58:36.242Z","level":"INFO","category":"general","message":"[AnimeHeaven] Search success","query":"Naruto","count":8,"latencyMs":143}
{"timestamp":"2026-08-08T05:58:36.243Z","level":"INFO","category":"general","message":"[ProviderMonitor]","event":"provider_request","provider":"animeheaven","at":"2026-08-08T05:58:36.243Z","method":"searchAnime","success":true,"latencyMs":146,"activeRequests":3,"cacheCandidateSeenBefore":true,"cacheHitCount":2,"totalRequests":24}
{"timestamp":"2026-08-08T05:58:36.257Z","level":"INFO","category":"general","message":"[ProviderMonitor]","event":"provider_request","provider":"animeheaven","at":"2026-08-08T05:58:36.257Z","method":"getAnimeDetails","success":true,"latencyMs":14,"activeRequests":3,"cacheCandidateSeenBefore":true,"cacheHitCount":3,"totalRequests":25}
{"timestamp":"2026-08-08T05:58:36.257Z","level":"INFO","category":"stream","message":"get https://animeheaven.me/gate.php","provider":"animeheaven","attempt":1,"status":"pending","proxy":true}
{"timestamp":"2026-08-08T05:58:36.257Z","level":"INFO","category":"general","message":"[streamingHttp] → GET https://animeheaven.me/gate.php"}
{"timestamp":"2026-08-08T05:58:39.889Z","level":"INFO","category":"general","message":"[streamingHttp] ← 200 https://animeheaven.me/gate.php (3632ms)"}
{"timestamp":"2026-08-08T05:58:39.890Z","level":"INFO","category":"stream","message":"✅ animeheaven resolved (3633ms)","provider":"animeheaven","attempt":1,"duration":3633,"status":200,"result":"success","timedOut":false,"cloudflareDetected":false}
{"timestamp":"2026-08-08T05:58:39.891Z","level":"INFO","category":"general","message":"[AnimeHeaven] Episode resolved","anime":"Naruto","episode":1,"hasHtml":true}
{"timestamp":"2026-08-08T05:58:39.892Z","level":"INFO","category":"general","message":"[ProviderMonitor]","event":"provider_request","provider":"animeheaven","at":"2026-08-08T05:58:39.892Z","method":"resolveEpisode","success":true,"latencyMs":3794,"activeRequests":2,"cacheCandidateSeenBefore":true,"cacheHitCount":3,"totalRequests":25}
{"timestamp":"2026-08-08T05:58:39.894Z","level":"INFO","category":"general","message":"[AnimeHeaven] Player resolved","episode":1,"sources":4}
{"timestamp":"2026-08-08T05:58:39.894Z","level":"INFO","category":"general","message":"[ProviderMonitor]","event":"provider_request","provider":"animeheaven","at":"2026-08-08T05:58:39.894Z","method":"resolvePlayer","success":true,"latencyMs":3797,"activeRequests":1,"cacheCandidateSeenBefore":true,"cacheHitCount":3,"totalRequests":25}
{"timestamp":"2026-08-08T05:58:39.896Z","level":"INFO","category":"stream","message":"get https://ck.animeheaven.me/subtitles.vtt?c5fe97dc4862635ffd63a5dc495a26f3&66325362e63b50a7afb2beb5b431f36f&error2","provider":"animeheaven","attempt":1,"status":"pending","proxy":true}
{"timestamp":"2026-08-08T05:58:39.897Z","level":"INFO","category":"general","message":"[streamingHttp] → GET https://ck.animeheaven.me/subtitles.vtt?c5fe97dc4862635ffd63a5dc495a26f3&66325362e63b50a7afb2beb5b431f36f&error2"}
{"timestamp":"2026-08-08T05:58:46.762Z","level":"INFO","category":"stream","message":"get https://ck.animeheaven.me/caption.vtt?c5fe97dc4862635ffd63a5dc495a26f3&66325362e63b50a7afb2beb5b431f36f&error2","provider":"animeheaven","attempt":1,"status":"pending","proxy":true}
{"timestamp":"2026-08-08T05:58:46.763Z","level":"INFO","category":"general","message":"[streamingHttp] → GET https://ck.animeheaven.me/caption.vtt?c5fe97dc4862635ffd63a5dc495a26f3&66325362e63b50a7afb2beb5b431f36f&error2"}
{"timestamp":"2026-08-08T05:58:49.233Z","level":"INFO","category":"stream","message":"get https://ck.animeheaven.me/subtitle.vtt?c5fe97dc4862635ffd63a5dc495a26f3&66325362e63b50a7afb2beb5b431f36f&error2","provider":"animeheaven","attempt":1,"status":"pending","proxy":true}
{"timestamp":"2026-08-08T05:58:49.234Z","level":"INFO","category":"general","message":"[streamingHttp] → GET https://ck.animeheaven.me/subtitle.vtt?c5fe97dc4862635ffd63a5dc495a26f3&66325362e63b50a7afb2beb5b431f36f&error2"}
{"timestamp":"2026-08-08T05:58:52.952Z","level":"INFO","category":"stream","message":"get https://ck.animeheaven.me/video.vtt?c5fe97dc4862635ffd63a5dc495a26f3&66325362e63b50a7afb2beb5b431f36f&error2","provider":"animeheaven","attempt":1,"status":"pending","proxy":true}
{"timestamp":"2026-08-08T05:58:52.953Z","level":"INFO","category":"general","message":"[streamingHttp] → GET https://ck.animeheaven.me/video.vtt?c5fe97dc4862635ffd63a5dc495a26f3&66325362e63b50a7afb2beb5b431f36f&error2"}
{"timestamp":"2026-08-08T05:58:57.501Z","level":"INFO","category":"stream","message":"get https://ck.animeheaven.me/subtitles.srt?c5fe97dc4862635ffd63a5dc495a26f3&66325362e63b50a7afb2beb5b431f36f&error2","provider":"animeheaven","attempt":1,"status":"pending","proxy":true}
{"timestamp":"2026-08-08T05:58:57.501Z","level":"INFO","category":"general","message":"[streamingHttp] → GET https://ck.animeheaven.me/subtitles.srt?c5fe97dc4862635ffd63a5dc495a26f3&66325362e63b50a7afb2beb5b431f36f&error2"}
{"timestamp":"2026-08-08T05:59:01.878Z","level":"INFO","category":"stream","message":"get https://ck.animeheaven.me/subtitle.srt?c5fe97dc4862635ffd63a5dc495a26f3&66325362e63b50a7afb2beb5b431f36f&error2","provider":"animeheaven","attempt":1,"status":"pending","proxy":true}
{"timestamp":"2026-08-08T05:59:01.879Z","level":"INFO","category":"general","message":"[streamingHttp] → GET https://ck.animeheaven.me/subtitle.srt?c5fe97dc4862635ffd63a5dc495a26f3&66325362e63b50a7afb2beb5b431f36f&error2"}
{"timestamp":"2026-08-08T05:59:07.756Z","level":"INFO","category":"stream","message":"get https://ck.animeheaven.me/subtitles/c5fe97dc4862635ffd63a5dc495a26f3.vtt","provider":"animeheaven","attempt":1,"status":"pending","proxy":true}
{"timestamp":"2026-08-08T05:59:07.757Z","level":"INFO","category":"general","message":"[streamingHttp] → GET https://ck.animeheaven.me/subtitles/c5fe97dc4862635ffd63a5dc495a26f3.vtt"}
{"timestamp":"2026-08-08T05:59:11.754Z","level":"INFO","category":"stream","message":"get https://ck.animeheaven.me/subtitle/c5fe97dc4862635ffd63a5dc495a26f3.vtt","provider":"animeheaven","attempt":1,"status":"pending","proxy":true}
{"timestamp":"2026-08-08T05:59:11.755Z","level":"INFO","category":"general","message":"[streamingHttp] → GET https://ck.animeheaven.me/subtitle/c5fe97dc4862635ffd63a5dc495a26f3.vtt"}
{"timestamp":"2026-08-08T05:59:14.388Z","level":"INFO","category":"stream","message":"get https://ck.animeheaven.me/captions/c5fe97dc4862635ffd63a5dc495a26f3.vtt","provider":"animeheaven","attempt":1,"status":"pending","proxy":true}
{"timestamp":"2026-08-08T05:59:14.389Z","level":"INFO","category":"general","message":"[streamingHttp] → GET https://ck.animeheaven.me/captions/c5fe97dc4862635ffd63a5dc495a26f3.vtt"}
{"timestamp":"2026-08-08T05:59:16.904Z","level":"INFO","category":"stream","message":"get https://ck.animeheaven.me/subtitles/c5fe97dc4862635ffd63a5dc495a26f3.srt","provider":"animeheaven","attempt":1,"status":"pending","proxy":true}
{"timestamp":"2026-08-08T05:59:16.905Z","level":"INFO","category":"general","message":"[streamingHttp] → GET https://ck.animeheaven.me/subtitles/c5fe97dc4862635ffd63a5dc495a26f3.srt"}
{"timestamp":"2026-08-08T05:59:20.027Z","level":"INFO","category":"stream","message":"get https://ck.animeheaven.me/subtitle/c5fe97dc4862635ffd63a5dc495a26f3.srt","provider":"animeheaven","attempt":1,"status":"pending","proxy":true}
{"timestamp":"2026-08-08T05:59:20.028Z","level":"INFO","category":"general","message":"[streamingHttp] → GET https://ck.animeheaven.me/subtitle/c5fe97dc4862635ffd63a5dc495a26f3.srt"}
{"timestamp":"2026-08-08T05:59:23.395Z","level":"INFO","category":"stream","message":"get https://ck.animeheaven.me/captions/c5fe97dc4862635ffd63a5dc495a26f3.srt","provider":"animeheaven","attempt":1,"status":"pending","proxy":true}
{"timestamp":"2026-08-08T05:59:23.396Z","level":"INFO","category":"general","message":"[streamingHttp] → GET https://ck.animeheaven.me/captions/c5fe97dc4862635ffd63a5dc495a26f3.srt"}
{"timestamp":"2026-08-08T05:59:26.606Z","level":"INFO","category":"stream","message":"get https://ct.animeheaven.me/subtitles.vtt?c5fe97dc4862635ffd63a5dc495a26f3&66325362e63b50a7afb2beb5b431f36f&error","provider":"animeheaven","attempt":1,"status":"pending","proxy":true}
{"timestamp":"2026-08-08T05:59:26.607Z","level":"INFO","category":"general","message":"[streamingHttp] → GET https://ct.animeheaven.me/subtitles.vtt?c5fe97dc4862635ffd63a5dc495a26f3&66325362e63b50a7afb2beb5b431f36f&error"}
{"timestamp":"2026-08-08T05:59:29.455Z","level":"INFO","category":"stream","message":"get https://ct.animeheaven.me/caption.vtt?c5fe97dc4862635ffd63a5dc495a26f3&66325362e63b50a7afb2beb5b431f36f&error","provider":"animeheaven","attempt":1,"status":"pending","proxy":true}
{"timestamp":"2026-08-08T05:59:29.456Z","level":"INFO","category":"general","message":"[streamingHttp] → GET https://ct.animeheaven.me/caption.vtt?c5fe97dc4862635ffd63a5dc495a26f3&66325362e63b50a7afb2beb5b431f36f&error"}
{"timestamp":"2026-08-08T05:59:32.695Z","level":"INFO","category":"stream","message":"get https://ct.animeheaven.me/subtitle.vtt?c5fe97dc4862635ffd63a5dc495a26f3&66325362e63b50a7afb2beb5b431f36f&error","provider":"animeheaven","attempt":1,"status":"pending","proxy":true}
{"timestamp":"2026-08-08T05:59:32.696Z","level":"INFO","category":"general","message":"[streamingHttp] → GET https://ct.animeheaven.me/subtitle.vtt?c5fe97dc4862635ffd63a5dc495a26f3&66325362e63b50a7afb2beb5b431f36f&error"}
{"timestamp":"2026-08-08T05:59:35.156Z","level":"INFO","category":"stream","message":"get https://ct.animeheaven.me/video.vtt?c5fe97dc4862635ffd63a5dc495a26f3&66325362e63b50a7afb2beb5b431f36f&error","provider":"animeheaven","attempt":1,"status":"pending","proxy":true}
{"timestamp":"2026-08-08T05:59:35.157Z","level":"INFO","category":"general","message":"[streamingHttp] → GET https://ct.animeheaven.me/video.vtt?c5fe97dc4862635ffd63a5dc495a26f3&66325362e63b50a7afb2beb5b431f36f&error"}
{"timestamp":"2026-08-08T05:59:39.172Z","level":"INFO","category":"stream","message":"get https://ct.animeheaven.me/subtitles.srt?c5fe97dc4862635ffd63a5dc495a26f3&66325362e63b50a7afb2beb5b431f36f&error","provider":"animeheaven","attempt":1,"status":"pending","proxy":true}
{"timestamp":"2026-08-08T05:59:39.174Z","level":"INFO","category":"general","message":"[streamingHttp] → GET https://ct.animeheaven.me/subtitles.srt?c5fe97dc4862635ffd63a5dc495a26f3&66325362e63b50a7afb2beb5b431f36f&error"}
{"timestamp":"2026-08-08T05:59:42.413Z","level":"INFO","category":"stream","message":"get https://ct.animeheaven.me/subtitle.srt?c5fe97dc4862635ffd63a5dc495a26f3&66325362e63b50a7afb2beb5b431f36f&error","provider":"animeheaven","attempt":1,"status":"pending","proxy":true}
{"timestamp":"2026-08-08T05:59:42.413Z","level":"INFO","category":"general","message":"[streamingHttp] → GET https://ct.animeheaven.me/subtitle.srt?c5fe97dc4862635ffd63a5dc495a26f3&66325362e63b50a7afb2beb5b431f36f&error"}
{"timestamp":"2026-08-08T05:59:46.934Z","level":"INFO","category":"stream","message":"get https://ct.animeheaven.me/subtitles/c5fe97dc4862635ffd63a5dc495a26f3.vtt","provider":"animeheaven","attempt":1,"status":"pending","proxy":true}
{"timestamp":"2026-08-08T05:59:46.935Z","level":"INFO","category":"general","message":"[streamingHttp] → GET https://ct.animeheaven.me/subtitles/c5fe97dc4862635ffd63a5dc495a26f3.vtt"}
{"timestamp":"2026-08-08T05:59:49.775Z","level":"INFO","category":"stream","message":"get https://ct.animeheaven.me/subtitle/c5fe97dc4862635ffd63a5dc495a26f3.vtt","provider":"animeheaven","attempt":1,"status":"pending","proxy":true}
{"timestamp":"2026-08-08T05:59:49.775Z","level":"INFO","category":"general","message":"[streamingHttp] → GET https://ct.animeheaven.me/subtitle/c5fe97dc4862635ffd63a5dc495a26f3.vtt"}
{"timestamp":"2026-08-08T05:59:52.545Z","level":"INFO","category":"stream","message":"get https://ct.animeheaven.me/captions/c5fe97dc4862635ffd63a5dc495a26f3.vtt","provider":"animeheaven","attempt":1,"status":"pending","proxy":true}
{"timestamp":"2026-08-08T05:59:52.545Z","level":"INFO","category":"general","message":"[streamingHttp] → GET https://ct.animeheaven.me/captions/c5fe97dc4862635ffd63a5dc495a26f3.vtt"}
{"timestamp":"2026-08-08T05:59:56.333Z","level":"INFO","category":"stream","message":"get https://ct.animeheaven.me/subtitles/c5fe97dc4862635ffd63a5dc495a26f3.srt","provider":"animeheaven","attempt":1,"status":"pending","proxy":true}
{"timestamp":"2026-08-08T05:59:56.333Z","level":"INFO","category":"general","message":"[streamingHttp] → GET https://ct.animeheaven.me/subtitles/c5fe97dc4862635ffd63a5dc495a26f3.srt"}
{"timestamp":"2026-08-08T06:00:02.363Z","level":"INFO","category":"stream","message":"get https://ct.animeheaven.me/subtitle/c5fe97dc4862635ffd63a5dc495a26f3.srt","provider":"animeheaven","attempt":1,"status":"pending","proxy":true}
{"timestamp":"2026-08-08T06:00:02.363Z","level":"INFO","category":"general","message":"[streamingHttp] → GET https://ct.animeheaven.me/subtitle/c5fe97dc4862635ffd63a5dc495a26f3.srt"}
{"timestamp":"2026-08-08T06:00:07.401Z","level":"INFO","category":"stream","message":"get https://ct.animeheaven.me/captions/c5fe97dc4862635ffd63a5dc495a26f3.srt","provider":"animeheaven","attempt":1,"status":"pending","proxy":true}
{"timestamp":"2026-08-08T06:00:07.402Z","level":"INFO","category":"general","message":"[streamingHttp] → GET https://ct.animeheaven.me/captions/c5fe97dc4862635ffd63a5dc495a26f3.srt"}
{"timestamp":"2026-08-08T06:00:12.751Z","level":"INFO","category":"general","message":"[AnimeHeaven] Stream extracted","title":"Naruto","episode":"1","sources":4}
{"timestamp":"2026-08-08T06:00:12.752Z","level":"INFO","category":"general","message":"[ProviderMonitor]","event":"provider_request","provider":"animeheaven","at":"2026-08-08T06:00:12.752Z","method":"extractStreams","success":true,"latencyMs":96655,"activeRequests":0,"cacheCandidateSeenBefore":true,"cacheHitCount":3,"totalRequests":25}
{"timestamp":"2026-08-08T06:00:12.752Z","level":"INFO","category":"stream","message":"✅ animeheaven | \"Naruto\" Ep 1 → success (96655ms)","provider":"animeheaven","anime":"Naruto","episode":"1","attempt":1,"result":"success","httpStatus":0,"timedOut":false,"cloudflareDetected":false,"searchSuccess":true,"streamSuccess":true,"sources":4,"startTime":"2026-08-08T05:58:36.097Z","endTime":"2026-08-08T06:00:12.752Z","latencyMs":96655}
{"timestamp":"2026-08-08T06:00:12.754Z","level":"INFO","category":"stream","message":"✅ animeheaven | \"Naruto\" Ep 1 → failure (97331ms): no playable stream found","provider":"animeheaven","anime":"Naruto","episode":"1","result":"failure","failureReason":"no playable stream found","httpStatus":0,"timedOut":false,"cloudflareDetected":false,"startTime":"2026-08-08T05:58:35.422Z","endTime":"2026-08-08T06:00:12.754Z","latencyMs":97331}
{"timestamp":"2026-08-08T06:01:46.400Z","level":"INFO","category":"stream","message":"get https://animeheaven.me/","provider":"animeheaven-proxy","attempt":1,"status":"pending","proxy":false}
{"timestamp":"2026-08-08T06:01:46.401Z","level":"INFO","category":"general","message":"[streamingHttp] → GET https://animeheaven.me/"}
{"timestamp":"2026-08-08T06:01:47.213Z","level":"INFO","category":"general","message":"[streamingHttp] ← 200 https://animeheaven.me/ (812ms)"}
{"timestamp":"2026-08-08T06:01:47.214Z","level":"INFO","category":"stream","message":"✅ animeheaven-proxy resolved (813ms)","provider":"animeheaven-proxy","attempt":1,"duration":813,"status":200,"result":"success","timedOut":false,"cloudflareDetected":false}
{"timestamp":"2026-08-08T06:01:47.215Z","level":"INFO","category":"stream","message":"✅ animeheaven-proxy → success (815ms)","provider":"animeheaven-proxy","result":"success","httpStatus":200,"streamType":"mp4","bytes":null,"latencyMs":815}
